Component: ARM Compiler 5.06 update 2 (build 183) Tool: armlink [4d35b7]

==============================================================================

Section Cross References

    startup_stm32f401xc.o(STACK) refers (Special) to heapauxi.o(.text) for __use_two_region_memory
    startup_stm32f401xc.o(HEAP) refers (Special) to heapauxi.o(.text) for __use_two_region_memory
    startup_stm32f401xc.o(RESET) refers (Special) to heapauxi.o(.text) for __use_two_region_memory
    startup_stm32f401xc.o(RESET) refers to startup_stm32f401xc.o(STACK) for __initial_sp
    startup_stm32f401xc.o(RESET) refers to startup_stm32f401xc.o(.text) for Reset_Handler
    startup_stm32f401xc.o(RESET) refers to stm32f4xx_it.o(i.NMI_Handler) for NMI_Handler
    startup_stm32f401xc.o(RESET) refers to stm32f4xx_it.o(i.HardFault_Handler) for HardFault_Handler
    startup_stm32f401xc.o(RESET) refers to stm32f4xx_it.o(i.MemManage_Handler) for MemManage_Handler
    startup_stm32f401xc.o(RESET) refers to stm32f4xx_it.o(i.BusFault_Handler) for BusFault_Handler
    startup_stm32f401xc.o(RESET) refers to stm32f4xx_it.o(i.UsageFault_Handler) for UsageFault_Handler
    startup_stm32f401xc.o(RESET) refers to port.o(.emb_text) for SVC_Handler
    startup_stm32f401xc.o(RESET) refers to stm32f4xx_it.o(i.DebugMon_Handler) for DebugMon_Handler
    startup_stm32f401xc.o(RESET) refers to stm32f4xx_it.o(i.SysTick_Handler) for SysTick_Handler
    startup_stm32f401xc.o(RESET) refers to driveusart.o(i.DMA1_Stream5_IRQHandler) for DMA1_Stream5_IRQHandler
    startup_stm32f401xc.o(RESET) refers to driveusart.o(i.DMA1_Stream6_IRQHandler) for DMA1_Stream6_IRQHandler
    startup_stm32f401xc.o(RESET) refers to drivetim.o(i.TIM2_IRQHandler) for TIM2_IRQHandler
    startup_stm32f401xc.o(RESET) refers to drivetim.o(i.TIM3_IRQHandler) for TIM3_IRQHandler
    startup_stm32f401xc.o(RESET) refers to driveusart.o(i.USART2_IRQHandler) for USART2_IRQHandler
    startup_stm32f401xc.o(RESET) refers to drivers485.o(i.USART6_IRQHandler) for USART6_IRQHandler
    startup_stm32f401xc.o(.text) refers (Special) to heapauxi.o(.text) for __use_two_region_memory
    startup_stm32f401xc.o(.text) refers to system_stm32f4xx.o(i.SystemInit) for SystemInit
    startup_stm32f401xc.o(.text) refers to __main.o(!!!main) for __main
    startup_stm32f401xc.o(.text) refers to startup_stm32f401xc.o(HEAP) for Heap_Mem
    startup_stm32f401xc.o(.text) refers to startup_stm32f401xc.o(STACK) for Stack_Mem
    stm32f4xx_hal.o(i.HAL_DeInit) refers to stm32f4xx_hal.o(i.HAL_MspDeInit) for HAL_MspDeInit
    stm32f4xx_hal.o(i.HAL_Delay) refers to stm32f4xx_hal.o(i.HAL_GetTick) for HAL_GetTick
    stm32f4xx_hal.o(i.HAL_GetTick) refers to stm32f4xx_hal.o(.data) for uwTick
    stm32f4xx_hal.o(i.HAL_IncTick) refers to stm32f4xx_hal.o(.data) for uwTick
    stm32f4xx_hal.o(i.HAL_Init) refers to stm32f4xx_hal_cortex.o(i.HAL_NVIC_SetPriorityGrouping) for HAL_NVIC_SetPriorityGrouping
    stm32f4xx_hal.o(i.HAL_Init) refers to stm32f4xx_hal.o(i.HAL_InitTick) for HAL_InitTick
    stm32f4xx_hal.o(i.HAL_Init) refers to stm32f4xx_hal_msp.o(i.HAL_MspInit) for HAL_MspInit
    stm32f4xx_hal.o(i.HAL_InitTick) refers to stm32f4xx_hal_cortex.o(i.HAL_SYSTICK_Config) for HAL_SYSTICK_Config
    stm32f4xx_hal.o(i.HAL_InitTick) refers to stm32f4xx_hal_cortex.o(i.HAL_NVIC_SetPriority) for HAL_NVIC_SetPriority
    stm32f4xx_hal.o(i.HAL_InitTick) refers to system_stm32f4xx.o(.data) for SystemCoreClock
    stm32f4xx_hal_cortex.o(i.HAL_NVIC_GetPriorityGrouping) refers to stm32f4xx_hal_cortex.o(i.NVIC_GetPriorityGrouping) for NVIC_GetPriorityGrouping
    stm32f4xx_hal_cortex.o(i.HAL_NVIC_SetPriority) refers to stm32f4xx_hal_cortex.o(i.NVIC_GetPriorityGrouping) for NVIC_GetPriorityGrouping
    stm32f4xx_hal_cortex.o(i.HAL_NVIC_SetPriority) refers to stm32f4xx_hal_cortex.o(i.NVIC_SetPriority) for NVIC_SetPriority
    stm32f4xx_hal_cortex.o(i.HAL_SYSTICK_Config) refers to stm32f4xx_hal_cortex.o(i.NVIC_SetPriority) for NVIC_SetPriority
    stm32f4xx_hal_cortex.o(i.HAL_SYSTICK_IRQHandler) refers to stm32f4xx_hal_cortex.o(i.HAL_SYSTICK_Callback) for HAL_SYSTICK_Callback
    stm32f4xx_hal_gpio.o(i.HAL_GPIO_EXTI_IRQHandler) refers to stm32f4xx_hal_gpio.o(i.HAL_GPIO_EXTI_Callback) for HAL_GPIO_EXTI_Callback
    stm32f4xx_hal_pwr.o(i.HAL_PWR_PVD_IRQHandler) refers to stm32f4xx_hal_pwr.o(i.HAL_PWR_PVDCallback) for HAL_PWR_PVDCallback
    stm32f4xx_hal_pwr_ex.o(i.HAL_PWREx_ControlVoltageScaling) refers to stm32f4xx_hal.o(i.HAL_GetTick) for HAL_GetTick
    stm32f4xx_hal_pwr_ex.o(i.HAL_PWREx_DisableBkUpReg) refers to stm32f4xx_hal.o(i.HAL_GetTick) for HAL_GetTick
    stm32f4xx_hal_pwr_ex.o(i.HAL_PWREx_EnableBkUpReg) refers to stm32f4xx_hal.o(i.HAL_GetTick) for HAL_GetTick
    stm32f4xx_hal_rcc.o(i.HAL_RCC_ClockConfig) refers to stm32f4xx_hal.o(i.HAL_GetTick) for HAL_GetTick
[...]
    $v0                                      0x080078c4   Number         0  dflt_clz.o(x$fpl$dfltu)
    x$fpl$dmul                               0x080078ec   Section      340  dmul.o(x$fpl$dmul)
    $v0                                      0x080078ec   Number         0  dmul.o(x$fpl$dmul)
    x$fpl$dnaninf                            0x08007a40   Section      156  dnaninf.o(x$fpl$dnaninf)
    $v0                                      0x08007a40   Number         0  dnaninf.o(x$fpl$dnaninf)
    x$fpl$dretinf                            0x08007adc   Section       12  dretinf.o(x$fpl$dretinf)
    $v0                                      0x08007adc   Number         0  dretinf.o(x$fpl$dretinf)
    x$fpl$dsub                               0x08007ae8   Section      468  daddsub_clz.o(x$fpl$dsub)
    $v0                                      0x08007ae8   Number         0  daddsub_clz.o(x$fpl$dsub)
    _dsub1                                   0x08007af9   Thumb Code     0  daddsub_clz.o(x$fpl$dsub)
    x$fpl$f2d                                0x08007cbc   Section       86  f2d.o(x$fpl$f2d)
    $v0                                      0x08007cbc   Number         0  f2d.o(x$fpl$f2d)
    x$fpl$fnaninf                            0x08007d12   Section      140  fnaninf.o(x$fpl$fnaninf)
    $v0                                      0x08007d12   Number         0  fnaninf.o(x$fpl$fnaninf)
    x$fpl$fpinit                             0x08007d9e   Section       10  fpinit.o(x$fpl$fpinit)
    $v0                                      0x08007d9e   Number         0  fpinit.o(x$fpl$fpinit)
    x$fpl$fretinf                            0x08007da8   Section       10  fretinf.o(x$fpl$fretinf)
    $v0                                      0x08007da8   Number         0  fretinf.o(x$fpl$fretinf)
    x$fpl$printf1                            0x08007db2   Section        4  printf1.o(x$fpl$printf1)
    $v0                                      0x08007db2   Number         0  printf1.o(x$fpl$printf1)
    .constdata                               0x08007db6   Section        8  stm32f4xx_hal_dma.o(.constdata)
    x$fpl$usenofp                            0x08007db6   Section        0  usenofp.o(x$fpl$usenofp)
    flagBitshiftOffset                       0x08007db6   Data           8  stm32f4xx_hal_dma.o(.constdata)
    .constdata                               0x08007dbe   Section       24  system_stm32f4xx.o(.constdata)
    .constdata                               0x08007dd6   Section       17  __printf_flags_ss_wp.o(.constdata)
    maptable                                 0x08007dd6   Data          17  __printf_flags_ss_wp.o(.constdata)
    .constdata                               0x08007de8   Section      148  bigflt0.o(.constdata)
    tenpwrs_x                                0x08007de8   Data          60  bigflt0.o(.constdata)
    tenpwrs_i                                0x08007e24   Data          64  bigflt0.o(.constdata)
    .conststring                             0x08007e7c   Section       66  port.o(.conststring)
    locale$$data                             0x08007ee0   Section       28  lc_numeric_c.o(locale$$data)
    __lcnum_c_name                           0x08007ee4   Data           2  lc_numeric_c.o(locale$$data)
    __lcnum_c_start                          0x08007eec   Data           0  lc_numeric_c.o(locale$$data)
    __lcnum_c_point                          0x08007ef8   Data           0  lc_numeric_c.o(locale$$data)
    __lcnum_c_thousands                      0x08007efa   Data           0  lc_numeric_c.o(locale$$data)
    __lcnum_c_grouping                       0x08007efb   Data           0  lc_numeric_c.o(locale$$data)
    __lcnum_c_end                            0x08007efc   Data           0  lc_numeric_c.o(locale$$data)
    .data                                    0x20000000   Section        4  stm32f4xx_hal.o(.data)
    .data                                    0x20000004   Section       86  main.o(.data)
    .data                                    0x2000005c   Section        4  drivedelay.o(.data)
    Fac_us                                   0x2000005c   Data           4  drivedelay.o(.data)
    .data                                    0x20000060   Section        9  drivers485.o(.data)
    Formation                                0x20000060   Data           8  drivers485.o(.data)
    Flag_QueueState                          0x20000068   Data           1  drivers485.o(.data)
    .data                                    0x20000070   Section        8  drivetim.o(.data)
    .data                                    0x20000078   Section        9  driveusart.o(.data)
    Uart2Ready                               0x20000078   Data           1  driveusart.o(.data)
    .data                                    0x20000084   Section        8  timeoutdetection.o(.data)
    .data                                    0x2000008c   Section        4  system_stm32f4xx.o(.data)
    .data                                    0x20000090   Section       24  heap_4.o(.data)
    xStart                                   0x20000090   Data           8  heap_4.o(.data)
    pxEnd                                    0x20000098   Data           4  heap_4.o(.data)
    xFreeBytesRemaining                      0x2000009c   Data           4  heap_4.o(.data)
    xMinimumEverFreeBytesRemaining           0x200000a0   Data           4  heap_4.o(.data)
    xBlockAllocatedBit                       0x200000a4   Data           4  heap_4.o(.data)
    .data                                    0x200000a8   Section       60  tasks.o(.data)
    pxDelayedTaskList                        0x200000ac   Data           4  tasks.o(.data)
    pxOverflowDelayedTaskList                0x200000b0   Data           4  tasks.o(.data)
    uxDeletedTasksWaitingCleanUp             0x200000b4   Data           4  tasks.o(.data)
    uxCurrentNumberOfTasks                   0x200000b8   Data           4  tasks.o(.data)
    xTickCount                               0x200000bc   Data           4  tasks.o(.data)
    uxTopReadyPriority                       0x200000c0   Data           4  tasks.o(.data)
    xSchedulerRunning                        0x200000c4   Data           4  tasks.o(.data)
    uxPendedTicks                            0x200000c8   Data           4  tasks.o(.data)
    xYieldPending                            0x200000cc   Data           4  tasks.o(.data)
    xNumOfOverflows                          0x200000d0   Data           4  tasks.o(.data)
    uxTaskNumber                             0x200000d4   Data           4  tasks.o(.data)
    xNextTaskUnblockTime                     0x200000d8   Data           4  tasks.o(.data)
    xIdleTaskHandle                          0x200000dc   Data           4  tasks.o(.data)
    uxSchedulerSuspended                     0x200000e0   Data           4  tasks.o(.data)
    .data                                    0x200000e4   Section       20  timers.o(.data)
    pxCurrentTimerList                       0x200000e4   Data           4  timers.o(.data)
    pxOverflowTimerList                      0x200000e8   Data           4  timers.o(.data)
    xTimerQueue                              0x200000ec   Data           4  timers.o(.data)
    xTimerTaskHandle                         0x200000f0   Data           4  timers.o(.data)
    xLastTime                                0x200000f4   Data           4  timers.o(.data)
    .data                                    0x200000f8   Section       12  port.o(.data)
    uxCriticalNesting                        0x200000f8   Data           4  port.o(.data)
    ucMaxSysCallPriority                     0x200000fc   Data           1  port.o(.data)
    ulMaxPRIGROUPValue                       0x20000100   Data           4  port.o(.data)
    .data                                    0x20000104   Section        8  diskio.o(.data)
    .bss                                     0x2000010c   Section       84  drivei2c.o(.bss)
    .bss                                     0x20000160   Section      128  drivers485.o(.bss)
    QueueDataBuffer                          0x20000160   Data         128  drivers485.o(.bss)
    .bss                                     0x200001e0   Section      120  drivetim.o(.bss)
    .bss                                     0x20000258   Section      320  driveusart.o(.bss)
    UART2TxDMA_Handler                       0x20000258   Data          96  driveusart.o(.bss)
    UART2RxDMA_Handler                       0x200002b8   Data          96  driveusart.o(.bss)
    Uart2Handler                             0x20000318   Data          64  driveusart.o(.bss)
    Uart6Handler                             0x20000358   Data          64  driveusart.o(.bss)
    .bss                                     0x20000398   Section    32768  heap_4.o(.bss)
    ucHeap                                   0x20000398   Data       32768  heap_4.o(.bss)
    .bss                                     0x20008398   Section       64  queue.o(.bss)
    .bss                                     0x200083d8   Section      740  tasks.o(.bss)
    pxReadyTasksLists                        0x200083d8   Data         640  tasks.o(.bss)
    xDelayedTaskList1                        0x20008658   Data          20  tasks.o(.bss)
    xDelayedTaskList2                        0x2000866c   Data          20  tasks.o(.bss)
    xPendingReadyList                        0x20008680   Data          20  tasks.o(.bss)
    xTasksWaitingTermination                 0x20008694   Data          20  tasks.o(.bss)
    xSuspendedTaskList                       0x200086a8   Data          20  tasks.o(.bss)
    .bss                                     0x200086bc   Section       40  timers.o(.bss)
    xActiveTimerList1                        0x200086bc   Data          20  timers.o(.bss)
    xActiveTimerList2                        0x200086d0   Data          20  timers.o(.bss)
    .bss                                     0x200086e4   Section       96  libspace.o(.bss)
    HEAP                                     0x20008748   Section      512  startup_stm32f401xc.o(HEAP)
    Heap_Mem                                 0x20008748   Data         512  startup_stm32f401xc.o(HEAP)
    STACK                                    0x20008948   Section     1024  startup_stm32f401xc.o(STACK)
    Stack_Mem                                0x20008948   Data        1024  startup_stm32f401xc.o(STACK)
    __initial_sp                             0x20008d48   Data           0  startup_stm32f401xc.o(STACK)

    Global Symbols

    Symbol Name                              Value     Ov Type        Size  Object(Section)

    BuildAttributes$$THM_ISAv4$E$P$D$K$B$S$7EM$VFPi3$EXTD16$VFPS$VFMA$PE$A:L22UL41UL21$X:L11$S22US41US21$IEEE1$IW$USESV6$~STKCKD$USESV7$~SHL$OTIME$ROPI$IEEEJ$EBA8$UX$STANDARDLIB$REQ8$PRES8$EABIv2 0x00000000   Number         0  anon$$obj.o ABSOLUTE
    __ARM_use_no_argv                        0x00000000   Number         0  main.o ABSOLUTE
    _printf_flags                            0x00000000   Number         0  printf_stubs.o ABSOLUTE
    _printf_return_value                     0x00000000   Number         0  printf_stubs.o ABSOLUTE
    _printf_sizespec                         0x00000000   Number         0  printf_stubs.o ABSOLUTE
    _printf_widthprec                        0x00000000   Number         0  printf_stubs.o ABSOLUTE
    __ARM_exceptions_init                     - Undefined Weak Reference
    __alloca_initialize                       - Undefined Weak Reference
    __arm_preinit_                            - Undefined Weak Reference
    __cpp_initialize__aeabi_                  - Undefined Weak Reference
    __cxa_finalize                            - Undefined Weak Reference
    __sigvec_lookup                           - Undefined Weak Reference
    _atexit_init                              - Undefined Weak Reference
    _call_atexit_fns                          - Undefined Weak Reference
    _clock_init                               - Undefined Weak Reference
    _fp_trap_init                             - Undefined Weak Reference
    _fp_trap_shutdown                         - Undefined Weak Reference
    _get_lc_collate                           - Undefined Weak Reference
    _get_lc_monetary                          - Undefined Weak Reference
    _get_lc_time                              - Undefined Weak Reference
    _getenv_init                              - Undefined Weak Reference
    _handle_redirection                       - Undefined Weak Reference
    _init_alloc                               - Undefined Weak Reference
    _init_user_alloc                          - Undefined Weak Reference
    _initio                                   - Undefined Weak Reference
    _mutex_acquire                            - Undefined Weak Reference
    _mutex_release                            - Undefined Weak Reference
    _printf_mbtowc                            - Undefined Weak Reference
    _printf_wc                                - Undefined Weak Reference
    _rand_init                                - Undefined Weak Reference
    _signal_finish                            - Undefined Weak Reference
    _signal_init                              - Undefined Weak Reference
    _terminate_alloc                          - Undefined Weak Reference
    _terminate_user_alloc                     - Undefined Weak Reference
    _terminateio                              - Undefined Weak Reference
    __Vectors_Size                           0x00000194   Number         0  startup_stm32f401xc.o ABSOLUTE
    __Vectors                                0x08000000   Data           4  startup_stm32f401xc.o(RESET)
    __Vectors_End                            0x08000194   Data           0  startup_stm32f401xc.o(RESET)
    __main                                   0x08000195   Thumb Code     8  __main.o(!!!main)
    __scatterload                            0x0800019d   Thumb Code     0  __scatter.o(!!!scatter)
    __scatterload_rt2                        0x0800019d   Thumb Code    44  __scatter.o(!!!scatter)
    __scatterload_rt2_thumb_only             0x0800019d   Thumb Code     0  __scatter.o(!!!scatter)
    __scatterload_null                       0x080001ab   Thumb Code     0  __scatter.o(!!!scatter)
    __scatterload_copy                       0x080001d1   Thumb Code    26  __scatter_copy.o(!!handler_copy)
    __scatterload_zeroinit                   0x080001ed   Thumb Code    28  __scatter_zi.o(!!handler_zi)
    _printf_f                                0x08000209   Thumb Code     0  _printf_f.o(.ARM.Collect$$_printf_percent$$00000003)
    _printf_percent                          0x08000209   Thumb Code     0  _printf_percent.o(.ARM.Collect$$_printf_percent$$00000000)
    _printf_d                                0x0800020f   Thumb Code     0  _printf_d.o(.ARM.Collect$$_printf_percent$$00000009)
    _printf_s                                0x08000215   Thumb Code     0  _printf_s.o(.ARM.Collect$$_printf_percent$$00000014)
    _printf_percent_end                      0x0800021b   Thumb Code     0  _printf_percent_end.o(.ARM.Collect$$_printf_percent$$00000017)
    __rt_lib_init                            0x0800021f   Thumb Code     0  libinit.o(.ARM.Collect$$libinit$$00000000)
    __rt_lib_init_fp_1                       0x08000221   Thumb Code     0  libinit2.o(.ARM.Collect$$libinit$$00000001)
    __rt_lib_init_heap_1                     0x08000225   Thumb Code     0  libinit2.o(.ARM.Collect$$libinit$$0000000A)
    __rt_lib_init_lc_common                  0x08000225   Thumb Code     0  libinit2.o(.ARM.Collect$$libinit$$0000000F)
    __rt_lib_init_preinit_1                  0x08000225   Thumb Code     0  libinit2.o(.ARM.Collect$$libinit$$00000004)
    __rt_lib_init_rand_1                     0x08000225   Thumb Code     0  libinit2.o(.ARM.Collect$$libinit$$0000000E)
    __rt_lib_init_user_alloc_1               0x08000225   Thumb Code     0  libinit2.o(.ARM.Collect$$libinit$$0000000C)
    __rt_lib_init_lc_collate_1               0x0800022b   Thumb Code     0  libinit2.o(.ARM.Collect$$libinit$$00000011)
    __rt_lib_init_lc_ctype_1                 0x0800022b   Thumb Code     0  libinit2.o(.ARM.Collect$$libinit$$00000013)
    __rt_lib_init_lc_monetary_1              0x0800022b   Thumb Code     0  libinit2.o(.ARM.Collect$$libinit$$00000015)
    __rt_lib_init_lc_numeric_2               0x0800022b   Thumb Code     0  libinit2.o(.ARM.Collect$$libinit$$00000016)
    __rt_lib_init_alloca_1                   0x08000235   Thumb Code     0  libinit2.o(.ARM.Collect$$libinit$$0000002E)
    __rt_lib_init_argv_1                     0x08000235   Thumb Code     0  libinit2.o(.ARM.Collect$$libinit$$0000002C)
    __rt_lib_init_atexit_1                   0x08000235   Thumb Code     0  libinit2.o(.ARM.Collect$$libinit$$0000001B)
    __rt_lib_init_clock_1                    0x08000235   Thumb Code     0  libinit2.o(.ARM.Collect$$libinit$$00000021)
    __rt_lib_init_cpp_1                      0x08000235   Thumb Code     0  libinit2.o(.ARM.Collect$$libinit$$00000032)
    __rt_lib_init_exceptions_1               0x08000235   Thumb Code     0  libinit2.o(.ARM.Collect$$libinit$$00000030)
    __rt_lib_init_fp_trap_1                  0x08000235   Thumb Code     0  libinit2.o(.ARM.Collect$$libinit$$0000001F)
    __rt_lib_init_getenv_1                   0x08000235   Thumb Code     0  libinit2.o(.ARM.Collect$$libinit$$00000023)
    __rt_lib_init_lc_numeric_1               0x08000235   Thumb Code     0  libinit2.o(.ARM.Collect$$libinit$$00000017)
    __rt_lib_init_lc_time_1                  0x08000235   Thumb Code     0  libinit2.o(.ARM.Collect$$libinit$$00000019)
    __rt_lib_init_return                     0x08000235   Thumb Code     0  libinit2.o(.ARM.Collect$$libinit$$00000033)
    __rt_lib_init_signal_1                   0x08000235   Thumb Code     0  libinit2.o(.ARM.Collect$$libinit$$0000001D)
    __rt_lib_init_stdio_1                    0x08000235   Thumb Code     0  libinit2.o(.ARM.Collect$$libinit$$00000025)
    __rt_lib_shutdown                        0x08000237   Thumb Code     0  libshutdown.o(.ARM.Collect$$libshutdown$$00000000)
    __rt_lib_shutdown_cpp_1                  0x08000239   Thumb Code     0  libshutdown2.o(.ARM.Collect$$libshutdown$$00000002)
    __rt_lib_shutdown_fp_trap_1              0x08000239   Thumb Code     0  libshutdown2.o(.ARM.Collect$$libshutdown$$00000007)
    __rt_lib_shutdown_heap_1                 0x08000239   Thumb Code     0  libshutdown2.o(.ARM.Collect$$libshutdown$$0000000F)
    __rt_lib_shutdown_return                 0x08000239   Thumb Code     0  libshutdown2.o(.ARM.Collect$$libshutdown$$00000010)
    __rt_lib_shutdown_signal_1               0x08000239   Thumb Code     0  libshutdown2.o(.ARM.Collect$$libshutdown$$0000000A)
    __rt_lib_shutdown_stdio_1                0x08000239   Thumb Code     0  libshutdown2.o(.ARM.Collect$$libshutdown$$00000004)
    __rt_lib_shutdown_user_alloc_1           0x08000239   Thumb Code     0  libshutdown2.o(.ARM.Collect$$libshutdown$$0000000C)
    __rt_entry                               0x0800023b   Thumb Code     0  __rtentry.o(.ARM.Collect$$rtentry$$00000000)
    __rt_entry_presh_1                       0x0800023b   Thumb Code     0  __rtentry2.o(.ARM.Collect$$rtentry$$00000002)
    __rt_entry_sh                            0x0800023b   Thumb Code     0  __rtentry4.o(.ARM.Collect$$rtentry$$00000004)
    __rt_entry_li                            0x08000241   Thumb Code     0  __rtentry2.o(.ARM.Collect$$rtentry$$0000000A)
    __rt_entry_postsh_1                      0x08000241   Thumb Code     0  __rtentry2.o(.ARM.Collect$$rtentry$$00000009)
    __rt_entry_main                          0x08000245   Thumb Code     0  __rtentry2.o(.ARM.Collect$$rtentry$$0000000D)
    __rt_entry_postli_1                      0x08000245   Thumb Code     0  __rtentry2.o(.ARM.Collect$$rtentry$$0000000C)
    __rt_exit                                0x0800024d   Thumb Code     0  rtexit.o(.ARM.Collect$$rtexit$$00000000)
    __rt_exit_ls                             0x0800024f   Thumb Code     0  rtexit2.o(.ARM.Collect$$rtexit$$00000003)
    __rt_exit_prels_1                        0x0800024f   Thumb Code     0  rtexit2.o(.ARM.Collect$$rtexit$$00000002)
    __rt_exit_exit                           0x08000253   Thumb Code     0  rtexit2.o(.ARM.Collect$$rtexit$$00000004)
    SVC_Handler                              0x08000259   Thumb Code    28  port.o(.emb_text)
    __asm___6_port_c_39a90d8d__prvStartFirstTask 0x08000279   Thumb Code    28  port.o(.emb_text)
    __asm___6_port_c_39a90d8d__prvEnableVFP  0x08000299   Thumb Code    16  port.o(.emb_text)
    PendSV_Handler                           0x080002ad   Thumb Code    88  port.o(.emb_text)
    vPortGetIPSR                             0x08000309   Thumb Code     6  port.o(.emb_text)
    Reset_Handler                            0x08000311   Thumb Code     8  startup_stm32f401xc.o(.text)
    ADC_IRQHandler                           0x0800032b   Thumb Code     0  startup_stm32f401xc.o(.text)
    DMA1_Stream0_IRQHandler                  0x0800032b   Thumb Code     0  startup_stm32f401xc.o(.text)
    DMA1_Stream1_IRQHandler                  0x0800032b   Thumb Code     0  startup_stm32f401xc.o(.text)
    DMA1_Stream2_IRQHandler                  0x0800032b   Thumb Code     0  startup_stm32f401xc.o(.text)
    DMA1_Stream3_IRQHandler                  0x0800032b   Thumb Code     0  startup_stm32f401xc.o(.text)
    DMA1_Stream4_IRQHandler                  0x0800032b   Thumb Code     0  startup_stm32f401xc.o(.text)
    DMA1_Stream7_IRQHandler                  0x0800032b   Thumb Code     0  startup_stm32f401xc.o(.text)
    DMA2_Stream0_IRQHandler                  0x0800032b   Thumb Code     0  startup_stm32f401xc.o(.text)
    DMA2_Stream1_IRQHandler                  0x0800032b   Thumb Code     0  startup_stm32f401xc.o(.text)
    DMA2_Stream2_IRQHandler                  0x0800032b   Thumb Code     0  startup_stm32f401xc.o(.text)
    DMA2_Stream3_IRQHandler                  0x0800032b   Thumb Code     0  startup_stm32f401xc.o(.text)
    DMA2_Stream4_IRQHandler                  0x0800032b   Thumb Code     0  startup_stm32f401xc.o(.text)
    DMA2_Stream5_IRQHandler                  0x0800032b   Thumb Code     0  startup_stm32f401xc.o(.text)
    DMA2_Stream6_IRQHandler                  0x0800032b   Thumb Code     0  startup_stm32f401xc.o(.text)
    DMA2_Stream7_IRQHandler                  0x0800032b   Thumb Code     0  startup_stm32f401xc.o(.text)
    EXTI0_IRQHandler                         0x0800032b   Thumb Code     0  startup_stm32f401xc.o(.text)
    EXTI15_10_IRQHandler                     0x0800032b   Thumb Code     0  startup_stm32f401xc.o(.text)
    EXTI1_IRQHandler                         0x0800032b   Thumb Code     0  startup_stm32f401xc.o(.text)
    EXTI2_IRQHandler                         0x0800032b   Thumb Code     0  startup_stm32f401xc.o(.text)
    EXTI3_IRQHandler                         0x0800032b   Thumb Code     0  startup_stm32f401xc.o(.text)
    EXTI4_IRQHandler                         0x0800032b   Thumb Code     0  startup_stm32f401xc.o(.text)
    EXTI9_5_IRQHandler                       0x0800032b   Thumb Code     0  startup_stm32f401xc.o(.text)
    FLASH_IRQHandler                         0x0800032b   Thumb Code     0  startup_stm32f401xc.o(.text)
    FPU_IRQHandler                           0x0800032b   Thumb Code     0  startup_stm32f401xc.o(.text)
    I2C1_ER_IRQHandler                       0x0800032b   Thumb Code     0  startup_stm32f401xc.o(.text)
    I2C1_EV_IRQHandler                       0x0800032b   Thumb Code     0  startup_stm32f401xc.o(.text)
    I2C2_ER_IRQHandler                       0x0800032b   Thumb Code     0  startup_stm32f401xc.o(.text)
    I2C2_EV_IRQHandler                       0x0800032b   Thumb Code     0  startup_stm32f401xc.o(.text)
    I2C3_ER_IRQHandler                       0x0800032b   Thumb Code     0  startup_stm32f401xc.o(.text)
    I2C3_EV_IRQHandler                       0x0800032b   Thumb Code     0  startup_stm32f401xc.o(.text)
    OTG_FS_IRQHandler                        0x0800032b   Thumb Code     0  startup_stm32f401xc.o(.text)
    OTG_FS_WKUP_IRQHandler                   0x0800032b   Thumb Code     0  startup_stm32f401xc.o(.text)
    PVD_IRQHandler                           0x0800032b   Thumb Code     0  startup_stm32f401xc.o(.text)
    RCC_IRQHandler                           0x0800032b   Thumb Code     0  startup_stm32f401xc.o(.text)
    RTC_Alarm_IRQHandler                     0x0800032b   Thumb Code     0  startup_stm32f401xc.o(.text)
    RTC_WKUP_IRQHandler                      0x0800032b   Thumb Code     0  startup_stm32f401xc.o(.text)
    SDIO_IRQHandler                          0x0800032b   Thumb Code     0  startup_stm32f401xc.o(.text)
    SPI1_IRQHandler                          0x0800032b   Thumb Code     0  startup_stm32f401xc.o(.text)
    SPI2_IRQHandler                          0x0800032b   Thumb Code     0  startup_stm32f401xc.o(.text)
    SPI3_IRQHandler                          0x0800032b   Thumb Code     0  startup_stm32f401xc.o(.text)
    SPI4_IRQHandler                          0x0800032b   Thumb Code     0  startup_stm32f401xc.o(.text)
    TAMP_STAMP_IRQHandler                    0x0800032b   Thumb Code     0  startup_stm32f401xc.o(.text)
    TIM1_BRK_TIM9_IRQHandler                 0x0800032b   Thumb Code     0  startup_stm32f401xc.o(.text)
    TIM1_CC_IRQHandler                       0x0800032b   Thumb Code     0  startup_stm32f401xc.o(.text)
    TIM1_TRG_COM_TIM11_IRQHandler            0x0800032b   Thumb Code     0  startup_stm32f401xc.o(.text)
    TIM1_UP_TIM10_IRQHandler                 0x0800032b   Thumb Code     0  startup_stm32f401xc.o(.text)
    TIM4_IRQHandler                          0x0800032b   Thumb Code     0  startup_stm32f401xc.o(.text)
    TIM5_IRQHandler                          0x0800032b   Thumb Code     0  startup_stm32f401xc.o(.text)
    USART1_IRQHandler                        0x0800032b   Thumb Code     0  startup_stm32f401xc.o(.text)
    WWDG_IRQHandler                          0x0800032b   Thumb Code     0  startup_stm32f401xc.o(.text)
    __user_initial_stackheap                 0x0800032d   Thumb Code     0  startup_stm32f401xc.o(.text)
    __use_no_semihosting                     0x08000351   Thumb Code     2  use_no_semi_2.o(.text)
    __aeabi_uldivmod                         0x08000353   Thumb Code     0  lludivv7m.o(.text)
    _ll_udiv                                 0x08000353   Thumb Code   238  lludivv7m.o(.text)
    __2printf                                0x08000441   Thumb Code    20  __2printf.o(.text)
    _printf_str                              0x08000459   Thumb Code    82  _printf_str.o(.text)
    _printf_int_dec                          0x080004ad   Thumb Code   104  _printf_dec.o(.text)
    __printf                                 0x08000525   Thumb Code   388  __printf_flags_ss_wp.o(.text)
    __aeabi_memcpy                           0x080006ad   Thumb Code     0  rt_memcpy_v6.o(.text)
    __rt_memcpy                              0x080006ad   Thumb Code   138  rt_memcpy_v6.o(.text)
    _memcpy_lastbytes                        0x08000713   Thumb Code     0  rt_memcpy_v6.o(.text)
    __use_two_region_memory                  0x08000737   Thumb Code     2  heapauxi.o(.text)
    __rt_heap_escrow$2region                 0x08000739   Thumb Code     2  heapauxi.o(.text)
    __rt_heap_expand$2region                 0x0800073b   Thumb Code     2  heapauxi.o(.text)
    __I$use$semihosting                      0x0800073d   Thumb Code     0  use_no_semi.o(.text)
    __use_no_semihosting_swi                 0x0800073d   Thumb Code     2  use_no_semi.o(.text)
    _printf_int_common                       0x0800073f   Thumb Code   178  _printf_intcommon.o(.text)
    __lib_sel_fp_printf                      0x080007f1   Thumb Code     2  _printf_fp_dec.o(.text)
    _printf_fp_dec_real                      0x0800099f   Thumb Code   620  _printf_fp_dec.o(.text)
    _printf_char_common                      0x08000c17   Thumb Code    32  _printf_char_common.o(.text)
    _printf_cs_common                        0x08000c3d   Thumb Code    20  _printf_char.o(.text)
    _printf_char                             0x08000c51   Thumb Code    16  _printf_char.o(.text)
    _printf_string                           0x08000c61   Thumb Code     8  _printf_char.o(.text)
    _printf_char_file                        0x08000c69   Thumb Code    32  _printf_char_file.o(.text)
    __aeabi_memcpy4                          0x08000c8d   Thumb Code     0  rt_memcpy_w.o(.text)
    __aeabi_memcpy8                          0x08000c8d   Thumb Code     0  rt_memcpy_w.o(.text)
    __rt_memcpy_w                            0x08000c8d   Thumb Code   100  rt_memcpy_w.o(.text)
    _memcpy_lastbytes_aligned                0x08000cd5   Thumb Code     0  rt_memcpy_w.o(.text)
    __rt_locale                              0x08000cf1   Thumb Code     8  rt_locale_intlibspace.o(.text)
    _ll_udiv10                               0x08000cf9   Thumb Code   138  lludiv10.o(.text)
    _printf_fp_infnan                        0x08000d85   Thumb Code   112  _printf_fp_infnan.o(.text)
    _btod_etento                             0x08000e05   Thumb Code   216  bigflt0.o(.text)
    ferror                                   0x08000ee1   Thumb Code     8  ferror.o(.text)
    __user_libspace                          0x08000ee9   Thumb Code     8  libspace.o(.text)
    __user_perproc_libspace                  0x08000ee9   Thumb Code     0  libspace.o(.text)
    __user_perthread_libspace                0x08000ee9   Thumb Code     0  libspace.o(.text)
    __user_setup_stackheap                   0x08000ef1   Thumb Code    74  sys_stackheap_outer.o(.text)
    exit                                     0x08000f3b   Thumb Code    18  exit.o(.text)
    strcmp                                   0x08000f4d   Thumb Code   128  strcmpv7m.o(.text)
    _btod_d2e                                0x08000fcd   Thumb Code    62  btod.o(CL$$btod_d2e)
    _d2e_denorm_low                          0x0800100b   Thumb Code    70  btod.o(CL$$btod_d2e_denorm_low)
    _d2e_norm_op1                            0x08001051   Thumb Code    96  btod.o(CL$$btod_d2e_norm_op1)
    __btod_div_common                        0x080010b1   Thumb Code   696  btod.o(CL$$btod_div_common)
    _e2e                                     0x080013e9   Thumb Code   198  btod.o(CL$$btod_e2e)
    _btod_ediv                               0x080014af   Thumb Code    40  btod.o(CL$$btod_ediv)
    _btod_emul                               0x080014d7   Thumb Code    40  btod.o(CL$$btod_emul)
    __btod_mult_common                       0x080014ff   Thumb Code   580  btod.o(CL$$btod_mult_common)
    ADXL345_Check                            0x08001743   Thumb Code    32  adxl345.o(i.ADXL345_Check)
    ADXL345_Init                             0x08001763   Thumb Code   102  adxl345.o(i.ADXL345_Init)
    ADXL345_ReadTheEntireAxis                0x08001865   Thumb Code   198  adxl345.o(i.ADXL345_ReadTheEntireAxis)
    BusFault_Handler                         0x080019f9   Thumb Code     4  stm32f4xx_it.o(i.BusFault_Handler)
    DMA1_Stream5_IRQHandler                  0x080019fd   Thumb Code    12  driveusart.o(i.DMA1_Stream5_IRQHandler)
    DMA1_Stream6_IRQHandler                  0x08001a0d   Thumb Code    12  driveusart.o(i.DMA1_Stream6_IRQHandler)
    DS18B20_Check                            0x08001afd   Thumb Code    92  ds18b20.o(i.DS18B20_Check)
    DS18B20_Get_Temp                         0x08001b61   Thumb Code   154  ds18b20.o(i.DS18B20_Get_Temp)
    DS18B20_Init                             0x08001c11   Thumb Code    36  ds18b20.o(i.DS18B20_Init)
    DebugMon_Handler                         0x08001d9d   Thumb Code     2  stm32f4xx_it.o(i.DebugMon_Handler)
    DelayMs                                  0x08001d9f   Thumb Code    26  drivedelay.o(i.DelayMs)
    DelayUs                                  0x08001dc9   Thumb Code    68  drivedelay.o(i.DelayUs)
    HAL_DMA_Abort_IT                         0x08001e11   Thumb Code    40  stm32f4xx_hal_dma.o(i.HAL_DMA_Abort_IT)
    HAL_DMA_IRQHandler                       0x08001e39   Thumb Code   570  stm32f4xx_hal_dma.o(i.HAL_DMA_IRQHandler)
    HAL_DMA_Init                             0x08002079   Thumb Code   232  stm32f4xx_hal_dma.o(i.HAL_DMA_Init)
    HAL_GPIO_Init                            0x08002165   Thumb Code   436  stm32f4xx_hal_gpio.o(i.HAL_GPIO_Init)
    HAL_GPIO_WritePin                        0x08002339   Thumb Code    12  stm32f4xx_hal_gpio.o(i.HAL_GPIO_WritePin)
    HAL_GetTick                              0x08002345   Thumb Code     6  stm32f4xx_hal.o(i.HAL_GetTick)
    HAL_I2C_GetError                         0x08002351   Thumb Code     6  stm32f4xx_hal_i2c.o(i.HAL_I2C_GetError)
    HAL_I2C_Init                             0x08002359   Thumb Code   286  stm32f4xx_hal_i2c.o(i.HAL_I2C_Init)
    HAL_I2C_Mem_Read                         0x08002481   Thumb Code   796  stm32f4xx_hal_i2c.o(i.HAL_I2C_Mem_Read)
    HAL_I2C_Mem_Write                        0x080027a9   Thumb Code   384  stm32f4xx_hal_i2c.o(i.HAL_I2C_Mem_Write)
    HAL_I2C_MspInit                          0x08002931   Thumb Code   174  drivei2c.o(i.HAL_I2C_MspInit)
    HAL_IncTick                              0x080029f1   Thumb Code    12  stm32f4xx_hal.o(i.HAL_IncTick)
    HAL_Init                                 0x08002a01   Thumb Code    54  stm32f4xx_hal.o(i.HAL_Init)
    HAL_InitTick                             0x08002a3d   Thumb Code    36  stm32f4xx_hal.o(i.HAL_InitTick)
    HAL_MspInit                              0x08002a65   Thumb Code    86  stm32f4xx_hal_msp.o(i.HAL_MspInit)
    HAL_NVIC_EnableIRQ                       0x08002abb   Thumb Code    26  stm32f4xx_hal_cortex.o(i.HAL_NVIC_EnableIRQ)
    HAL_NVIC_SetPriority                     0x08002ad5   Thumb Code   124  stm32f4xx_hal_cortex.o(i.HAL_NVIC_SetPriority)
    HAL_NVIC_SetPriorityGrouping             0x08002b51   Thumb Code    32  stm32f4xx_hal_cortex.o(i.HAL_NVIC_SetPriorityGrouping)
    HAL_RCC_ClockConfig                      0x08002b79   Thumb Code   366  stm32f4xx_hal_rcc.o(i.HAL_RCC_ClockConfig)
    HAL_RCC_GetHCLKFreq                      0x08002cf9   Thumb Code     6  stm32f4xx_hal_rcc.o(i.HAL_RCC_GetHCLKFreq)
    HAL_RCC_GetPCLK1Freq                     0x08002d05   Thumb Code    22  stm32f4xx_hal_rcc.o(i.HAL_RCC_GetPCLK1Freq)
    HAL_RCC_GetPCLK2Freq                     0x08002d25   Thumb Code    22  stm32f4xx_hal_rcc.o(i.HAL_RCC_GetPCLK2Freq)
    HAL_RCC_GetSysClockFreq                  0x08002d45   Thumb Code   162  stm32f4xx_hal_rcc.o(i.HAL_RCC_GetSysClockFreq)
    HAL_RCC_OscConfig                        0x08002df5   Thumb Code  1040  stm32f4xx_hal_rcc.o(i.HAL_RCC_OscConfig)
    HAL_SYSTICK_CLKSourceConfig              0x08003205   Thumb Code    40  stm32f4xx_hal_cortex.o(i.HAL_SYSTICK_CLKSourceConfig)
    HAL_SYSTICK_Config                       0x0800322d   Thumb Code    52  stm32f4xx_hal_cortex.o(i.HAL_SYSTICK_Config)
    HAL_TIMEx_BreakCallback                  0x08003261   Thumb Code     2  stm32f4xx_hal_tim_ex.o(i.HAL_TIMEx_BreakCallback)
    HAL_TIMEx_CommutationCallback            0x08003263   Thumb Code     2  stm32f4xx_hal_tim_ex.o(i.HAL_TIMEx_CommutationCallback)
    HAL_TIMEx_HallSensor_Start_IT            0x08003265   Thumb Code    42  stm32f4xx_hal_tim_ex.o(i.HAL_TIMEx_HallSensor_Start_IT)
    HAL_TIM_Base_Init                        0x0800328f   Thumb Code    52  stm32f4xx_hal_tim.o(i.HAL_TIM_Base_Init)
    HAL_TIM_Base_MspInit                     0x080032c5   Thumb Code   120  drivetim.o(i.HAL_TIM_Base_MspInit)
    HAL_TIM_IC_CaptureCallback               0x08003345   Thumb Code     2  stm32f4xx_hal_tim.o(i.HAL_TIM_IC_CaptureCallback)
    HAL_TIM_IRQHandler                       0x08003347   Thumb Code   406  stm32f4xx_hal_tim.o(i.HAL_TIM_IRQHandler)
    HAL_TIM_OC_DelayElapsedCallback          0x080034dd   Thumb Code    34  drivetim.o(i.HAL_TIM_OC_DelayElapsedCallback)
    HAL_TIM_PWM_PulseFinishedCallback        0x0800350d   Thumb Code     2  stm32f4xx_hal_tim.o(i.HAL_TIM_PWM_PulseFinishedCallback)
    HAL_TIM_PeriodElapsedCallback            0x0800350f   Thumb Code     2  stm32f4xx_hal_tim.o(i.HAL_TIM_PeriodElapsedCallback)
    HAL_TIM_TriggerCallback                  0x08003511   Thumb Code     2  stm32f4xx_hal_tim.o(i.HAL_TIM_TriggerCallback)
    HAL_UART_ErrorCallback                   0x08003513   Thumb Code     2  stm32f4xx_hal_uart.o(i.HAL_UART_ErrorCallback)
    HAL_UART_IRQHandler                      0x08003515   Thumb Code   326  stm32f4xx_hal_uart.o(i.HAL_UART_IRQHandler)
    HAL_UART_Init                            0x08003661   Thumb Code   114  stm32f4xx_hal_uart.o(i.HAL_UART_Init)
    HAL_UART_MspInit                         0x080036d5   Thumb Code   400  driveusart.o(i.HAL_UART_MspInit)
    HAL_UART_RxCpltCallback                  0x08003881   Thumb Code     8  driveusart.o(i.HAL_UART_RxCpltCallback)
    HAL_UART_TxCpltCallback                  0x0800388d   Thumb Code     8  driveusart.o(i.HAL_UART_TxCpltCallback)
    HardFault_Handler                        0x08003899   Thumb Code     4  stm32f4xx_it.o(i.HardFault_Handler)
    InitTimeOutStampCollect                  0x08003d5d   Thumb Code    16  timeoutdetection.o(i.InitTimeOutStampCollect)
    Init_DriveIO                             0x08003d71   Thumb Code   290  driveio.o(i.Init_DriveIO)
    Init_I2C1                                0x08003ea5   Thumb Code    60  drivei2c.o(i.Init_I2C1)
    Init_TIM2                                0x08003f15   Thumb Code    58  drivetim.o(i.Init_TIM2)
    Init_UART2                               0x08003f7d   Thumb Code    48  driveusart.o(i.Init_UART2)
    Init_UART6                               0x08003fdd   Thumb Code    48  driveusart.o(i.Init_UART6)
    IniutDelay                               0x0800403d   Thumb Code    52  drivedelay.o(i.IniutDelay)
    MemManage_Handler                        0x08004075   Thumb Code     4  stm32f4xx_it.o(i.MemManage_Handler)
    NMI_Handler                              0x08004079   Thumb Code     2  stm32f4xx_it.o(i.NMI_Handler)
    RS485_Init                               0x080040f9   Thumb Code    22  drivers485.o(i.RS485_Init)
    StartTask                                0x0800411d   Thumb Code   128  main.o(i.StartTask)
    SysTick_Handler                          0x08004221   Thumb Code    20  stm32f4xx_it.o(i.SysTick_Handler)
    SystemClock_Config                       0x08004235   Thumb Code   204  systemconfig.o(i.SystemClock_Config)
    SystemInit                               0x08004331   Thumb Code    82  system_stm32f4xx.o(i.SystemInit)
    TIM2_IRQHandler                          0x08004395   Thumb Code    10  drivetim.o(i.TIM2_IRQHandler)
    TIM3_IRQHandler                          0x080043a5   Thumb Code    10  drivetim.o(i.TIM3_IRQHandler)
    TIM_Base_SetConfig                       0x080043b5   Thumb Code   148  stm32f4xx_hal_tim.o(i.TIM_Base_SetConfig)
    TIM_CCxChannelCmd                        0x08004465   Thumb Code    28  stm32f4xx_hal_tim.o(i.TIM_CCxChannelCmd)
    Task_GetAttiAndAccMsg                    0x08004481   Thumb Code   396  task_getattiandaccmsg.o(i.Task_GetAttiAndAccMsg)
    Task_GetGpsMsg                           0x0800464d   Thumb Code    24  task_getgpsmsg.o(i.Task_GetGpsMsg)
    Task_GetTempMsg                          0x08004669   Thumb Code   114  task_gettempmsg.o(i.Task_GetTempMsg)
    Task_Monitor                             0x080046ed   Thumb Code   110  task_monitor.o(i.Task_Monitor)
    Task_MsgManager                          0x080047d1   Thumb Code    84  task_msgmanager.o(i.Task_MsgManager)
    USART2_IRQHandler                        0x08004cf5   Thumb Code    10  driveusart.o(i.USART2_IRQHandler)
    USART6_IRQHandler                        0x08004d05   Thumb Code    32  drivers485.o(i.USART6_IRQHandler)
    UsageFault_Handler                       0x08004d31   Thumb Code     4  stm32f4xx_it.o(i.UsageFault_Handler)
    _Error_Handler                           0x08004d35   Thumb Code    18  systemconfig.o(i._Error_Handler)
    __ARM_fpclassify                         0x08004d51   Thumb Code    48  fpclassify.o(i.__ARM_fpclassify)
    _is_digit                                0x08004d81   Thumb Code    14  __printf_wp.o(i._is_digit)
    _sys_exit                                0x08004d8f   Thumb Code     4  driveusart.o(i._sys_exit)
    ff_memalloc                              0x08004d93   Thumb Code    12  ffsystem.o(i.ff_memalloc)
    fputc                                    0x08004da1   Thumb Code    62  drivers485.o(i.fputc)
    main                                     0x08004de9   Thumb Code   162  main.o(i.main)
    pvPortMalloc                             0x08005a1d   Thumb Code   262  heap_4.o(i.pvPortMalloc)
    pvTaskIncrementMutexHeldCount            0x08005b89   Thumb Code    26  tasks.o(i.pvTaskIncrementMutexHeldCount)
    pxPortInitialiseStack                    0x08005ba9   Thumb Code    38  port.o(i.pxPortInitialiseStack)
    uxListRemove                             0x08005bd5   Thumb Code    40  list.o(i.uxListRemove)
    uxTaskResetEventItemValue                0x08005bfd   Thumb Code    24  tasks.o(i.uxTaskResetEventItemValue)
    vListInitialise                          0x08005c19   Thumb Code    26  list.o(i.vListInitialise)
    vListInitialiseItem                      0x08005c33   Thumb Code     6  list.o(i.vListInitialiseItem)
    vListInsert                              0x08005c39   Thumb Code    52  list.o(i.vListInsert)
    vListInsertEnd                           0x08005c6d   Thumb Code    24  list.o(i.vListInsertEnd)
    vPortEnterCritical                       0x08005c85   Thumb Code    68  port.o(i.vPortEnterCritical)
    vPortExitCritical                        0x08005ce5   Thumb Code    48  port.o(i.vPortExitCritical)
    vPortFree                                0x08005d2d   Thumb Code   120  heap_4.o(i.vPortFree)
    vPortSetupTimerInterrupt                 0x08005dfd   Thumb Code    26  port.o(i.vPortSetupTimerInterrupt)
    vPortValidateInterruptPriority           0x08005e1d   Thumb Code    86  port.o(i.vPortValidateInterruptPriority)
    vQueueAddToRegistry                      0x08005e95   Thumb Code    38  queue.o(i.vQueueAddToRegistry)
    vQueueWaitForMessageRestricted           0x08005ec1   Thumb Code    74  queue.o(i.vQueueWaitForMessageRestricted)
    vTaskDelay                               0x08005f0d   Thumb Code    72  tasks.o(i.vTaskDelay)
    vTaskDelete                              0x08005f99   Thumb Code   192  tasks.o(i.vTaskDelete)
    vTaskMissedYield                         0x080060bd   Thumb Code     8  tasks.o(i.vTaskMissedYield)
    vTaskPlaceOnEventList                    0x080060c9   Thumb Code    42  tasks.o(i.vTaskPlaceOnEventList)
    vTaskPlaceOnEventListRestricted          0x08006135   Thumb Code    50  tasks.o(i.vTaskPlaceOnEventListRestricted)
    vTaskPlaceOnUnorderedEventList           0x080061a9   Thumb Code    80  tasks.o(i.vTaskPlaceOnUnorderedEventList)
    vTaskPriorityInherit                     0x0800623d   Thumb Code   164  tasks.o(i.vTaskPriorityInherit)
    vTaskSetTimeOutState                     0x080062ed   Thumb Code    32  tasks.o(i.vTaskSetTimeOutState)
    vTaskStartScheduler                      0x08006351   Thumb Code   108  tasks.o(i.vTaskStartScheduler)
    vTaskSuspendAll                          0x08006415   Thumb Code    12  tasks.o(i.vTaskSuspendAll)
    vTaskSwitchContext                       0x08006425   Thumb Code   110  tasks.o(i.vTaskSwitchContext)
    xEventGroupCreate                        0x080064e5   Thumb Code    26  event_groups.o(i.xEventGroupCreate)
    xEventGroupSetBits                       0x08006501   Thumb Code   186  event_groups.o(i.xEventGroupSetBits)
    xEventGroupWaitBits                      0x08006601   Thumb Code   294  event_groups.o(i.xEventGroupWaitBits)
    xPortStartScheduler                      0x08006771   Thumb Code   258  port.o(i.xPortStartScheduler)
    xPortSysTickHandler                      0x080068a5   Thumb Code    46  port.o(i.xPortSysTickHandler)
    xQueueGenericCreate                      0x080068d9   Thumb Code    78  queue.o(i.xQueueGenericCreate)
    xQueueGenericReceive                     0x08006965   Thumb Code   416  queue.o(i.xQueueGenericReceive)
    xQueueGenericReset                       0x08006b45   Thumb Code   136  queue.o(i.xQueueGenericReset)
    xQueueGenericSend                        0x08006c0d   Thumb Code   412  queue.o(i.xQueueGenericSend)
    xQueueGenericSendFromISR                 0x08006de9   Thumb Code   234  queue.o(i.xQueueGenericSendFromISR)
    xTaskCheckForTimeOut                     0x08006f11   Thumb Code   116  tasks.o(i.xTaskCheckForTimeOut)
    xTaskCreate                              0x08006fc9   Thumb Code    96  tasks.o(i.xTaskCreate)
    xTaskGetSchedulerState                   0x08007029   Thumb Code    24  tasks.o(i.xTaskGetSchedulerState)
    xTaskGetTickCount                        0x08007049   Thumb Code     6  tasks.o(i.xTaskGetTickCount)
    xTaskIncrementTick                       0x08007055   Thumb Code   274  tasks.o(i.xTaskIncrementTick)
    xTaskPriorityDisinherit                  0x080071d1   Thumb Code   168  tasks.o(i.xTaskPriorityDisinherit)
    xTaskRemoveFromEventList                 0x080072c1   Thumb Code   118  tasks.o(i.xTaskRemoveFromEventList)
    xTaskRemoveFromUnorderedEventList        0x0800738d   Thumb Code   134  tasks.o(i.xTaskRemoveFromUnorderedEventList)
    xTaskResumeAll                           0x08007465   Thumb Code   214  tasks.o(i.xTaskResumeAll)
    xTimerCreateTimerTask                    0x0800759d   Thumb Code    56  timers.o(i.xTimerCreateTimerTask)
    xTimerGenericCommand                     0x08007629   Thumb Code   118  timers.o(i.xTimerGenericCommand)
    _get_lc_numeric                          0x080076e5   Thumb Code    44  lc_numeric_c.o(locale$$code)
    __aeabi_d2f                              0x08007711   Thumb Code     0  d2f.o(x$fpl$d2f)
    _d2f                                     0x08007711   Thumb Code    98  d2f.o(x$fpl$d2f)
    __aeabi_dadd                             0x08007775   Thumb Code     0  daddsub_clz.o(x$fpl$dadd)
    _dadd                                    0x08007775   Thumb Code   332  daddsub_clz.o(x$fpl$dadd)
    __aeabi_ui2d                             0x080078c5   Thumb Code     0  dflt_clz.o(x$fpl$dfltu)
    _dfltu                                   0x080078c5   Thumb Code    38  dflt_clz.o(x$fpl$dfltu)
    __aeabi_dmul                             0x080078ed   Thumb Code     0  dmul.o(x$fpl$dmul)
    _dmul                                    0x080078ed   Thumb Code   332  dmul.o(x$fpl$dmul)
    __fpl_dnaninf                            0x08007a41   Thumb Code   156  dnaninf.o(x$fpl$dnaninf)
    __fpl_dretinf                            0x08007add   Thumb Code    12  dretinf.o(x$fpl$dretinf)
    __aeabi_dsub                             0x08007ae9   Thumb Code     0  daddsub_clz.o(x$fpl$dsub)
    _dsub                                    0x08007ae9   Thumb Code   464  daddsub_clz.o(x$fpl$dsub)
    __aeabi_f2d                              0x08007cbd   Thumb Code     0  f2d.o(x$fpl$f2d)
    _f2d                                     0x08007cbd   Thumb Code    86  f2d.o(x$fpl$f2d)
    __fpl_fnaninf                            0x08007d13   Thumb Code   140  fnaninf.o(x$fpl$fnaninf)
    _fp_init                                 0x08007d9f   Thumb Code    10  fpinit.o(x$fpl$fpinit)
    __fplib_config_fpu_vfp                   0x08007da7   Thumb Code     0  fpinit.o(x$fpl$fpinit)
    __fplib_config_pureend_doubles           0x08007da7   Thumb Code     0  fpinit.o(x$fpl$fpinit)
    __fpl_fretinf                            0x08007da9   Thumb Code    10  fretinf.o(x$fpl$fretinf)
    _printf_fp_dec                           0x08007db3   Thumb Code     4  printf1.o(x$fpl$printf1)
    __I$use$fp                               0x08007db6   Number         0  usenofp.o(x$fpl$usenofp)
    AHBPrescTable                            0x08007dbe   Data          16  system_stm32f4xx.o(.constdata)
    APBPrescTable                            0x08007dce   Data           8  system_stm32f4xx.o(.constdata)
    Region$$Table$$Base                      0x08007ec0   Number         0  anon$$obj.o(Region$$Table)
    Region$$Table$$Limit                     0x08007ee0   Number         0  anon$$obj.o(Region$$Table)
    uwTick                                   0x20000000   Data           4  stm32f4xx_hal.o(.data)
    Queue_AttiAndAccMsg                      0x20000004   Data           4  main.o(.data)
    Queue_TempMsg                            0x20000008   Data           4  main.o(.data)
    Queue_GpsMsg                             0x2000000c   Data           4  main.o(.data)
    EventGroup_SystemStatus                  0x20000010   Data           4  main.o(.data)
    StartTask_Handler                        0x20000014   Data           4  main.o(.data)
    MonitorTask_Handler                      0x20000018   Data           4  main.o(.data)
    GetAttiAndAccMsgTask_Handler             0x2000001c   Data           4  main.o(.data)
    GetTempMsgTask_Handler                   0x20000020   Data           4  main.o(.data)
    GetGpsMsgTask_Handler                    0x20000024   Data           4  main.o(.data)
    MsgManagerTask_Handler                   0x20000028   Data           4  main.o(.data)
    LedAndRelayTask_Handler                  0x2000002c   Data           4  main.o(.data)
    MsgPrintTask_Handler                     0x20000030   Data           4  main.o(.data)
    aTxBuffer                                0x20000034   Data          38  main.o(.data)
    FreeRTOSRunTimeTicks                     0x20000070   Data           8  drivetim.o(.data)
    __stdout                                 0x2000007c   Data           4  driveusart.o(.data)
    statea                                   0x20000080   Data           1  driveusart.o(.data)
    g_TimeStampCollect                       0x20000084   Data           8  timeoutdetection.o(.data)
    SystemCoreClock                          0x2000008c   Data           4  system_stm32f4xx.o(.data)
    pxCurrentTCB                             0x200000a8   Data           4  tasks.o(.data)
    g_pfs                                    0x20000104   Data           8  diskio.o(.data)
    g_hi2c1                                  0x2000010c   Data          84  drivei2c.o(.bss)
    htim2                                    0x200001e0   Data          60  drivetim.o(.bss)
    htim3                                    0x2000021c   Data          60  drivetim.o(.bss)
    xQueueRegistry                           0x20008398   Data          64  queue.o(.bss)
    __libspace_start                         0x200086e4   Data          96  libspace.o(.bss)
    __temporary_stack_top$libspace           0x20008744   Data           0  libspace.o(.bss)



==============================================================================

Memory Map of the image

  Image Entry point : 0x08000195

  Load Region LR_IROM1 (Base: 0x08000000, Size: 0x00008008, Max: 0x00040000, ABSOLUTE)

    Execution Region ER_IROM1 (Base: 0x08000000, Size: 0x00007efc, Max: 0x00040000, ABSOLUTE)

    Base Addr    Size         Type   Attr      Idx    E Section Name        Object

    0x08000000   0x00000194   Data   RO            3    RESET               startup_stm32f401xc.o
    0x08000194   0x00000008   Code   RO         5999  * !!!main             c_w.l(__main.o)
    0x0800019c   0x00000034   Code   RO         6329    !!!scatter          c_w.l(__scatter.o)
    0x080001d0   0x0000001a   Code   RO         6331    !!handler_copy      c_w.l(__scatter_copy.o)
    0x080001ea   0x00000002   PAD
    0x080001ec   0x0000001c   Code   RO         6333    !!handler_zi        c_w.l(__scatter_zi.o)
    0x08000208   0x00000000   Code   RO         5990    .ARM.Collect$$_printf_percent$$00000000  c_w.l(_printf_percent.o)
    0x08000208   0x00000006   Code   RO         5989    .ARM.Collect$$_printf_percent$$00000003  c_w.l(_printf_f.o)
    0x0800020e   0x00000006   Code   RO         5987    .ARM.Collect$$_printf_percent$$00000009  c_w.l(_printf_d.o)
    0x08000214   0x00000006   Code   RO         5986    .ARM.Collect$$_printf_percent$$00000014  c_w.l(_printf_s.o)
    0x0800021a   0x00000004   Code   RO         6085    .ARM.Collect$$_printf_percent$$00000017  c_w.l(_printf_percent_end.o)
    0x0800021e   0x00000002   Code   RO         6203    .ARM.Collect$$libinit$$00000000  c_w.l(libinit.o)
    0x08000220   0x00000004   Code   RO         6204    .ARM.Collect$$libinit$$00000001  c_w.l(libinit2.o)
    0x08000224   0x00000000   Code   RO         6207    .ARM.Collect$$libinit$$00000004  c_w.l(libinit2.o)
    0x08000224   0x00000000   Code   RO         6210    .ARM.Collect$$libinit$$0000000A  c_w.l(libinit2.o)
    0x08000224   0x00000000   Code   RO         6212    .ARM.Collect$$libinit$$0000000C  c_w.l(libinit2.o)
    0x08000224   0x00000000   Code   RO         6214    .ARM.Collect$$libinit$$0000000E  c_w.l(libinit2.o)
    0x08000224   0x00000006   Code   RO         6215    .ARM.Collect$$libinit$$0000000F  c_w.l(libinit2.o)
    0x0800022a   0x00000000   Code   RO         6217    .ARM.Collect$$libinit$$00000011  c_w.l(libinit2.o)
    0x0800022a   0x00000000   Code   RO         6219    .ARM.Collect$$libinit$$00000013  c_w.l(libinit2.o)
    0x0800022a   0x00000000   Code   RO         6221    .ARM.Collect$$libinit$$00000015  c_w.l(libinit2.o)
    0x0800022a   0x0000000a   Code   RO         6222    .ARM.Collect$$libinit$$00000016  c_w.l(libinit2.o)
    0x08000234   0x00000000   Code   RO         6223    .ARM.Collect$$libinit$$00000017  c_w.l(libinit2.o)
    0x08000234   0x00000000   Code   RO         6225    .ARM.Collect$$libinit$$00000019  c_w.l(libinit2.o)
    0x08000234   0x00000000   Code   RO         6227    .ARM.Collect$$libinit$$0000001B  c_w.l(libinit2.o)
    0x08000234   0x00000000   Code   RO         6229    .ARM.Collect$$libinit$$0000001D  c_w.l(libinit2.o)
    0x08000234   0x00000000   Code   RO         6231    .ARM.Collect$$libinit$$0000001F  c_w.l(libinit2.o)
    0x08000234   0x00000000   Code   RO         6233    .ARM.Collect$$libinit$$00000021  c_w.l(libinit2.o)
    0x08000234   0x00000000   Code   RO         6235    .ARM.Collect$$libinit$$00000023  c_w.l(libinit2.o)
    0x08000234   0x00000000   Code   RO         6237    .ARM.Collect$$libinit$$00000025  c_w.l(libinit2.o)
    0x08000234   0x00000000   Code   RO         6241    .ARM.Collect$$libinit$$0000002C  c_w.l(libinit2.o)
    0x08000234   0x00000000   Code   RO         6243    .ARM.Collect$$libinit$$0000002E  c_w.l(libinit2.o)
    0x08000234   0x00000000   Code   RO         6245    .ARM.Collect$$libinit$$00000030  c_w.l(libinit2.o)
    0x08000234   0x00000000   Code   RO         6247    .ARM.Collect$$libinit$$00000032  c_w.l(libinit2.o)
    0x08000234   0x00000002   Code   RO         6248    .ARM.Collect$$libinit$$00000033  c_w.l(libinit2.o)
    0x08000236   0x00000002   Code   RO         6293    .ARM.Collect$$libshutdown$$00000000  c_w.l(libshutdown.o)
    0x08000238   0x00000000   Code   RO         6312    .ARM.Collect$$libshutdown$$00000002  c_w.l(libshutdown2.o)
    0x08000238   0x00000000   Code   RO         6314    .ARM.Collect$$libshutdown$$00000004  c_w.l(libshutdown2.o)
    0x08000238   0x00000000   Code   RO         6317    .ARM.Collect$$libshutdown$$00000007  c_w.l(libshutdown2.o)
    0x08000238   0x00000000   Code   RO         6320    .ARM.Collect$$libshutdown$$0000000A  c_w.l(libshutdown2.o)
    0x08000238   0x00000000   Code   RO         6322    .ARM.Collect$$libshutdown$$0000000C  c_w.l(libshutdown2.o)
    0x08000238   0x00000000   Code   RO         6325    .ARM.Collect$$libshutdown$$0000000F  c_w.l(libshutdown2.o)
    0x08000238   0x00000002   Code   RO         6326    .ARM.Collect$$libshutdown$$00000010  c_w.l(libshutdown2.o)
    0x0800023a   0x00000000   Code   RO         6023    .ARM.Collect$$rtentry$$00000000  c_w.l(__rtentry.o)
    0x0800023a   0x00000000   Code   RO         6113    .ARM.Collect$$rtentry$$00000002  c_w.l(__rtentry2.o)
    0x0800023a   0x00000006   Code   RO         6125    .ARM.Collect$$rtentry$$00000004  c_w.l(__rtentry4.o)
    0x08000240   0x00000000   Code   RO         6115    .ARM.Collect$$rtentry$$00000009  c_w.l(__rtentry2.o)
    0x08000240   0x00000004   Code   RO         6116    .ARM.Collect$$rtentry$$0000000A  c_w.l(__rtentry2.o)
    0x08000244   0x00000000   Code   RO         6118    .ARM.Collect$$rtentry$$0000000C  c_w.l(__rtentry2.o)
    0x08000244   0x00000008   Code   RO         6119    .ARM.Collect$$rtentry$$0000000D  c_w.l(__rtentry2.o)
    0x0800024c   0x00000002   Code   RO         6249    .ARM.Collect$$rtexit$$00000000  c_w.l(rtexit.o)
    0x0800024e   0x00000000   Code   RO         6265    .ARM.Collect$$rtexit$$00000002  c_w.l(rtexit2.o)
    0x0800024e   0x00000004   Code   RO         6266    .ARM.Collect$$rtexit$$00000003  c_w.l(rtexit2.o)
    0x08000252   0x00000006   Code   RO         6267    .ARM.Collect$$rtexit$$00000004  c_w.l(rtexit2.o)
    0x08000258   0x000000b6   Code   RO         5336    .emb_text           port.o
    0x0800030e   0x00000002   PAD
    0x08000310   0x00000040   Code   RO            4    .text               startup_stm32f401xc.o
    0x08000350   0x00000002   Code   RO         5948    .text               c_w.l(use_no_semi_2.o)
    0x08000352   0x000000ee   Code   RO         5950    .text               c_w.l(lludivv7m.o)
    0x08000440   0x00000018   Code   RO         5954    .text               c_w.l(__2printf.o)
    0x08000458   0x00000052   Code   RO         5962    .text               c_w.l(_printf_str.o)
    0x080004aa   0x00000002   PAD
    0x080004ac   0x00000078   Code   RO         5964    .text               c_w.l(_printf_dec.o)
    0x08000524   0x00000188   Code   RO         5983    .text               c_w.l(__printf_flags_ss_wp.o)
    0x080006ac   0x0000008a   Code   RO         5995    .text               c_w.l(rt_memcpy_v6.o)
    0x08000736   0x00000006   Code   RO         5997    .text               c_w.l(heapauxi.o)
    0x0800073c   0x00000002   Code   RO         6021    .text               c_w.l(use_no_semi.o)
    0x0800073e   0x000000b2   Code   RO         6030    .text               c_w.l(_printf_intcommon.o)
    0x080007f0   0x0000041a   Code   RO         6034    .text               c_w.l(_printf_fp_dec.o)
    0x08000c0a   0x00000002   PAD
    0x08000c0c   0x00000030   Code   RO         6036    .text               c_w.l(_printf_char_common.o)
    0x08000c3c   0x0000002c   Code   RO         6040    .text               c_w.l(_printf_char.o)
    0x08000c68   0x00000024   Code   RO         6042    .text               c_w.l(_printf_char_file.o)
    0x08000c8c   0x00000064   Code   RO         6095    .text               c_w.l(rt_memcpy_w.o)
    0x08000cf0   0x00000008   Code   RO         6132    .text               c_w.l(rt_locale_intlibspace.o)
    0x08000cf8   0x0000008a   Code   RO         6134    .text               c_w.l(lludiv10.o)
    0x08000d82   0x00000002   PAD
    0x08000d84   0x00000080   Code   RO         6139    .text               c_w.l(_printf_fp_infnan.o)
    0x08000e04   0x000000dc   Code   RO         6145    .text               c_w.l(bigflt0.o)
    0x08000ee0   0x00000008   Code   RO         6170    .text               c_w.l(ferror.o)
    0x08000ee8   0x00000008   Code   RO         6183    .text               c_w.l(libspace.o)
    0x08000ef0   0x0000004a   Code   RO         6186    .text               c_w.l(sys_stackheap_outer.o)
    0x08000f3a   0x00000012   Code   RO         6190    .text               c_w.l(exit.o)
    0x08000f4c   0x00000080   Code   RO         6196    .text               c_w.l(strcmpv7m.o)
    0x08000fcc   0x0000003e   Code   RO         6148    CL$$btod_d2e        c_w.l(btod.o)
    0x0800100a   0x00000046   Code   RO         6150    CL$$btod_d2e_denorm_low  c_w.l(btod.o)
    0x08001050   0x00000060   Code   RO         6149    CL$$btod_d2e_norm_op1  c_w.l(btod.o)
    0x080010b0   0x00000338   Code   RO         6158    CL$$btod_div_common  c_w.l(btod.o)
    0x080013e8   0x000000c6   Code   RO         6155    CL$$btod_e2e        c_w.l(btod.o)
    0x080014ae   0x00000028   Code   RO         6152    CL$$btod_ediv       c_w.l(btod.o)
    0x080014d6   0x00000028   Code   RO         6151    CL$$btod_emul       c_w.l(btod.o)
    0x080014fe   0x00000244   Code   RO         6157    CL$$btod_mult_common  c_w.l(btod.o)
    0x08001742   0x00000020   Code   RO         3899    i.ADXL345_Check     adxl345.o
    0x08001762   0x00000066   Code   RO         3900    i.ADXL345_Init      adxl345.o
    0x080017c8   0x0000009c   Code   RO         3901    i.ADXL345_ReadAddress  adxl345.o
    0x08001864   0x000000f0   Code   RO         3903    i.ADXL345_ReadTheEntireAxis  adxl345.o
    0x08001954   0x000000a4   Code   RO         3904    i.ADXL345_WriteRegister  adxl345.o
    0x080019f8   0x00000004   Code   RO         3197    i.BusFault_Handler  stm32f4xx_it.o
    0x080019fc   0x00000010   Code   RO         3792    i.DMA1_Stream5_IRQHandler  driveusart.o
    0x08001a0c   0x00000010   Code   RO         3793    i.DMA1_Stream6_IRQHandler  driveusart.o
    0x08001a1c   0x00000034   Code   RO         1187    i.DMA_CalcBaseAndBitshift  stm32f4xx_hal_dma.o
    0x08001a50   0x000000aa   Code   RO         1188    i.DMA_CheckFifoParam  stm32f4xx_hal_dma.o
    0x08001afa   0x00000002   PAD
    0x08001afc   0x00000064   Code   RO         3956    i.DS18B20_Check     ds18b20.o
    0x08001b60   0x000000b0   Code   RO         3957    i.DS18B20_Get_Temp  ds18b20.o
    0x08001c10   0x00000028   Code   RO         3958    i.DS18B20_Init      ds18b20.o
    0x08001c38   0x00000068   Code   RO         3959    i.DS18B20_Read_Bit  ds18b20.o
    0x08001ca0   0x00000026   Code   RO         3960    i.DS18B20_Read_Byte  ds18b20.o
    0x08001cc6   0x00000002   PAD
    0x08001cc8   0x00000044   Code   RO         3961    i.DS18B20_Rest      ds18b20.o
    0x08001d0c   0x00000018   Code   RO         3962    i.DS18B20_Start     ds18b20.o
    0x08001d24   0x00000078   Code   RO         3963    i.DS18B20_Write_Byte  ds18b20.o
    0x08001d9c   0x00000002   Code   RO         3198    i.DebugMon_Handler  stm32f4xx_it.o
    0x08001d9e   0x0000001a   Code   RO         3464    i.DelayMs           drivedelay.o
    0x08001db8   0x00000010   Code   RO         3595    i.DelayNop          drivers485.o
    0x08001dc8   0x00000048   Code   RO         3465    i.DelayUs           drivedelay.o
    0x08001e10   0x00000028   Code   RO         1191    i.HAL_DMA_Abort_IT  stm32f4xx_hal_dma.o
    0x08001e38   0x00000240   Code   RO         1195    i.HAL_DMA_IRQHandler  stm32f4xx_hal_dma.o
    0x08002078   0x000000ec   Code   RO         1196    i.HAL_DMA_Init      stm32f4xx_hal_dma.o
    0x08002164   0x000001d4   Code   RO          433    i.HAL_GPIO_Init     stm32f4xx_hal_gpio.o
    0x08002338   0x0000000c   Code   RO          437    i.HAL_GPIO_WritePin  stm32f4xx_hal_gpio.o
    0x08002344   0x0000000c   Code   RO           26    i.HAL_GetTick       stm32f4xx_hal.o
    0x08002350   0x00000006   Code   RO         2222    i.HAL_I2C_GetError  stm32f4xx_hal_i2c.o
    0x08002356   0x00000002   PAD
    0x08002358   0x00000128   Code   RO         2225    i.HAL_I2C_Init      stm32f4xx_hal_i2c.o
    0x08002480   0x00000328   Code   RO         2241    i.HAL_I2C_Mem_Read  stm32f4xx_hal_i2c.o
    0x080027a8   0x00000188   Code   RO         2244    i.HAL_I2C_Mem_Write  stm32f4xx_hal_i2c.o
    0x08002930   0x000000c0   Code   RO         3505    i.HAL_I2C_MspInit   drivei2c.o
    0x080029f0   0x00000010   Code   RO           28    i.HAL_IncTick       stm32f4xx_hal.o
    0x08002a00   0x0000003c   Code   RO           29    i.HAL_Init          stm32f4xx_hal.o
    0x08002a3c   0x00000028   Code   RO           30    i.HAL_InitTick      stm32f4xx_hal.o
    0x08002a64   0x00000056   Code   RO         3173    i.HAL_MspInit       stm32f4xx_hal_msp.o
    0x08002aba   0x0000001a   Code   RO          277    i.HAL_NVIC_EnableIRQ  stm32f4xx_hal_cortex.o
    0x08002ad4   0x0000007c   Code   RO          283    i.HAL_NVIC_SetPriority  stm32f4xx_hal_cortex.o
    0x08002b50   0x00000028   Code   RO          284    i.HAL_NVIC_SetPriorityGrouping  stm32f4xx_hal_cortex.o
    0x08002b78   0x00000180   Code   RO          695    i.HAL_RCC_ClockConfig  stm32f4xx_hal_rcc.o
    0x08002cf8   0x0000000c   Code   RO          700    i.HAL_RCC_GetHCLKFreq  stm32f4xx_hal_rcc.o
    0x08002d04   0x00000020   Code   RO          702    i.HAL_RCC_GetPCLK1Freq  stm32f4xx_hal_rcc.o
    0x08002d24   0x00000020   Code   RO          703    i.HAL_RCC_GetPCLK2Freq  stm32f4xx_hal_rcc.o
    0x08002d44   0x000000b0   Code   RO          704    i.HAL_RCC_GetSysClockFreq  stm32f4xx_hal_rcc.o
    0x08002df4   0x00000410   Code   RO          707    i.HAL_RCC_OscConfig  stm32f4xx_hal_rcc.o
    0x08003204   0x00000028   Code   RO          286    i.HAL_SYSTICK_CLKSourceConfig  stm32f4xx_hal_cortex.o
    0x0800322c   0x00000034   Code   RO          288    i.HAL_SYSTICK_Config  stm32f4xx_hal_cortex.o
    0x08003260   0x00000002   Code   RO         1975    i.HAL_TIMEx_BreakCallback  stm32f4xx_hal_tim_ex.o
    0x08003262   0x00000002   Code   RO         1976    i.HAL_TIMEx_CommutationCallback  stm32f4xx_hal_tim_ex.o
    0x08003264   0x0000002a   Code   RO         1988    i.HAL_TIMEx_HallSensor_Start_IT  stm32f4xx_hal_tim_ex.o
    0x0800328e   0x00000034   Code   RO         1336    i.HAL_TIM_Base_Init  stm32f4xx_hal_tim.o
    0x080032c2   0x00000002   PAD
    0x080032c4   0x00000080   Code   RO         3727    i.HAL_TIM_Base_MspInit  drivetim.o
    0x08003344   0x00000002   Code   RO         1365    i.HAL_TIM_IC_CaptureCallback  stm32f4xx_hal_tim.o
    0x08003346   0x00000196   Code   RO         1378    i.HAL_TIM_IRQHandler  stm32f4xx_hal_tim.o
    0x080034dc   0x00000030   Code   RO         3728    i.HAL_TIM_OC_DelayElapsedCallback  drivetim.o
    0x0800350c   0x00000002   Code   RO         1408    i.HAL_TIM_PWM_PulseFinishedCallback  stm32f4xx_hal_tim.o
    0x0800350e   0x00000002   Code   RO         1415    i.HAL_TIM_PeriodElapsedCallback  stm32f4xx_hal_tim.o
    0x08003510   0x00000002   Code   RO         1419    i.HAL_TIM_TriggerCallback  stm32f4xx_hal_tim.o
    0x08003512   0x00000002   Code   RO          877    i.HAL_UART_ErrorCallback  stm32f4xx_hal_uart.o
    0x08003514   0x0000014c   Code   RO          880    i.HAL_UART_IRQHandler  stm32f4xx_hal_uart.o
    0x08003660   0x00000072   Code   RO          881    i.HAL_UART_Init     stm32f4xx_hal_uart.o
    0x080036d2   0x00000002   PAD
    0x080036d4   0x000001ac   Code   RO         3796    i.HAL_UART_MspInit  driveusart.o
    0x08003880   0x0000000c   Code   RO         3797    i.HAL_UART_RxCpltCallback  driveusart.o
    0x0800388c   0x0000000c   Code   RO         3798    i.HAL_UART_TxCpltCallback  driveusart.o
    0x08003898   0x00000004   Code   RO         3199    i.HardFault_Handler  stm32f4xx_it.o
    0x0800389c   0x00000034   Code   RO         2263    i.I2C_IsAcknowledgeFailed  stm32f4xx_hal_i2c.o
    0x080038d0   0x00000158   Code   RO         2273    i.I2C_RequestMemoryRead  stm32f4xx_hal_i2c.o
    0x08003a28   0x000000e0   Code   RO         2274    i.I2C_RequestMemoryWrite  stm32f4xx_hal_i2c.o
    0x08003b08   0x00000056   Code   RO         2282    i.I2C_WaitOnBTFFlagUntilTimeout  stm32f4xx_hal_i2c.o
    0x08003b5e   0x0000007c   Code   RO         2283    i.I2C_WaitOnFlagUntilTimeout  stm32f4xx_hal_i2c.o
    0x08003bda   0x000000ac   Code   RO         2284    i.I2C_WaitOnMasterAddressFlagUntilTimeout  stm32f4xx_hal_i2c.o
    0x08003c86   0x0000006e   Code   RO         2285    i.I2C_WaitOnRXNEFlagUntilTimeout  stm32f4xx_hal_i2c.o
    0x08003cf4   0x00000056   Code   RO         2287    i.I2C_WaitOnTXEFlagUntilTimeout  stm32f4xx_hal_i2c.o
    0x08003d4a   0x00000002   PAD
    0x08003d4c   0x00000010   Code   RO         3596    i.InitQueue         drivers485.o
    0x08003d5c   0x00000014   Code   RO         4272    i.InitTimeOutStampCollect  timeoutdetection.o
    0x08003d70   0x00000134   Code   RO         3544    i.Init_DriveIO      driveio.o
    0x08003ea4   0x00000070   Code   RO         3506    i.Init_I2C1         drivei2c.o
    0x08003f14   0x00000068   Code   RO         3729    i.Init_TIM2         drivetim.o
    0x08003f7c   0x00000060   Code   RO         3799    i.Init_UART2        driveusart.o
    0x08003fdc   0x00000060   Code   RO         3800    i.Init_UART6        driveusart.o
    0x0800403c   0x00000038   Code   RO         3466    i.IniutDelay        drivedelay.o
    0x08004074   0x00000004   Code   RO         3200    i.MemManage_Handler  stm32f4xx_it.o
    0x08004078   0x00000002   Code   RO         3201    i.NMI_Handler       stm32f4xx_it.o
    0x0800407a   0x00000002   PAD
    0x0800407c   0x00000010   Code   RO          290    i.NVIC_GetPriorityGrouping  stm32f4xx_hal_cortex.o
    0x0800408c   0x00000028   Code   RO          291    i.NVIC_SetPriority  stm32f4xx_hal_cortex.o
    0x080040b4   0x00000020   Code   RO         3598    i.QueueFull         drivers485.o
    0x080040d4   0x00000022   Code   RO         3599    i.QueurEnter        drivers485.o
    0x080040f6   0x00000002   PAD
    0x080040f8   0x00000024   Code   RO         3602    i.RS485_Init        drivers485.o
    0x0800411c   0x00000104   Code   RO         3024    i.StartTask         main.o
    0x08004220   0x00000014   Code   RO         3202    i.SysTick_Handler   stm32f4xx_it.o
    0x08004234   0x000000fc   Code   RO         4308    i.SystemClock_Config  systemconfig.o
    0x08004330   0x00000064   Code   RO         4345    i.SystemInit        system_stm32f4xx.o
    0x08004394   0x00000010   Code   RO         3731    i.TIM2_IRQHandler   drivetim.o
    0x080043a4   0x00000010   Code   RO         3732    i.TIM3_IRQHandler   drivetim.o
    0x080043b4   0x000000b0   Code   RO         1420    i.TIM_Base_SetConfig  stm32f4xx_hal_tim.o
    0x08004464   0x0000001c   Code   RO         1421    i.TIM_CCxChannelCmd  stm32f4xx_hal_tim.o
    0x08004480   0x000001cc   Code   RO         3425    i.Task_GetAttiAndAccMsg  task_getattiandaccmsg.o
    0x0800464c   0x0000001c   Code   RO         3371    i.Task_GetGpsMsg    task_getgpsmsg.o
    0x08004668   0x00000084   Code   RO         3398    i.Task_GetTempMsg   task_gettempmsg.o
    0x080046ec   0x000000e4   Code   RO         3289    i.Task_Monitor      task_monitor.o
    0x080047d0   0x00000064   Code   RO         3335    i.Task_MsgManager   task_msgmanager.o
    0x08004834   0x00000014   Code   RO          894    i.UART_DMAAbortOnError  stm32f4xx_hal_uart.o
    0x08004848   0x00000020   Code   RO          904    i.UART_EndRxTransfer  stm32f4xx_hal_uart.o
    0x08004868   0x00000020   Code   RO          905    i.UART_EndTransmit_IT  stm32f4xx_hal_uart.o
    0x08004888   0x0000009a   Code   RO          907    i.UART_Receive_IT   stm32f4xx_hal_uart.o
    0x08004922   0x00000002   PAD
    0x08004924   0x00000368   Code   RO          908    i.UART_SetConfig    stm32f4xx_hal_uart.o
    0x08004c8c   0x00000068   Code   RO          909    i.UART_Transmit_IT  stm32f4xx_hal_uart.o
    0x08004cf4   0x00000010   Code   RO         3801    i.USART2_IRQHandler  driveusart.o
    0x08004d04   0x0000002c   Code   RO         3604    i.USART6_IRQHandler  drivers485.o
    0x08004d30   0x00000004   Code   RO         3203    i.UsageFault_Handler  stm32f4xx_it.o
    0x08004d34   0x0000001c   Code   RO         4309    i._Error_Handler    systemconfig.o
    0x08004d50   0x00000030   Code   RO         6181    i.__ARM_fpclassify  m_wm.l(fpclassify.o)
    0x08004d80   0x0000000e   Code   RO         5976    i._is_digit         c_w.l(__printf_wp.o)
    0x08004d8e   0x00000004   Code   RO         3802    i._sys_exit         driveusart.o
    0x08004d92   0x0000000c   Code   RO         5893    i.ff_memalloc       ffsystem.o
    0x08004d9e   0x00000002   PAD
    0x08004da0   0x00000048   Code   RO         3605    i.fputc             drivers485.o
    0x08004de8   0x000000cc   Code   RO         3025    i.main              main.o
    0x08004eb4   0x00000098   Code   RO         4844    i.prvAddCurrentTaskToDelayedList  tasks.o
    0x08004f4c   0x000000b4   Code   RO         4845    i.prvAddNewTaskToReadyList  tasks.o
    0x08005000   0x00000064   Code   RO         5194    i.prvCheckForValidListAndQueue  timers.o
    0x08005064   0x00000064   Code   RO         4846    i.prvCheckTasksWaitingTermination  tasks.o
    0x080050c8   0x0000002a   Code   RO         4617    i.prvCopyDataFromQueue  queue.o
    0x080050f2   0x0000007c   Code   RO         4618    i.prvCopyDataToQueue  queue.o
    0x0800516e   0x00000012   Code   RO         4847    i.prvDeleteTCB      tasks.o
    0x08005180   0x00000028   Code   RO         5195    i.prvGetNextExpireTime  timers.o
    0x080051a8   0x0000007c   Code   RO         4381    i.prvHeapInit       heap_4.o
    0x08005224   0x00000028   Code   RO         4848    i.prvIdleTask       tasks.o
    0x0800524c   0x0000002a   Code   RO         4620    i.prvInitialiseNewQueue  queue.o
    0x08005276   0x00000002   PAD
    0x08005278   0x000000f0   Code   RO         4849    i.prvInitialiseNewTask  tasks.o
    0x08005368   0x00000068   Code   RO         4850    i.prvInitialiseTaskLists  tasks.o
    0x080053d0   0x00000068   Code   RO         4382    i.prvInsertBlockIntoFreeList  heap_4.o
    0x08005438   0x00000058   Code   RO         5197    i.prvInsertTimerInActiveList  timers.o
    0x08005490   0x0000001a   Code   RO         4621    i.prvIsQueueEmpty   queue.o
    0x080054aa   0x0000001e   Code   RO         4622    i.prvIsQueueFull    queue.o
    0x080054c8   0x000000b8   Code   RO         4623    i.prvNotifyQueueSetContainer  queue.o
    0x08005580   0x00000098   Code   RO         5198    i.prvProcessExpiredTimer  timers.o
    0x08005618   0x00000144   Code   RO         5199    i.prvProcessReceivedCommands  timers.o
    0x0800575c   0x00000074   Code   RO         5200    i.prvProcessTimerOrBlockTask  timers.o
    0x080057d0   0x00000034   Code   RO         4851    i.prvResetNextTaskUnblockTime  tasks.o
    0x08005804   0x0000002c   Code   RO         5201    i.prvSampleTimeNow  timers.o
    0x08005830   0x000000d4   Code   RO         5202    i.prvSwitchTimerLists  timers.o
    0x08005904   0x0000004c   Code   RO         5337    i.prvTaskExitError  port.o
    0x08005950   0x0000001e   Code   RO         4476    i.prvTestWaitCondition  event_groups.o
    0x0800596e   0x0000001a   Code   RO         5203    i.prvTimerTask      timers.o
    0x08005988   0x00000092   Code   RO         4624    i.prvUnlockQueue    queue.o
    0x08005a1a   0x00000002   PAD
    0x08005a1c   0x0000016c   Code   RO         4383    i.pvPortMalloc      heap_4.o
    0x08005b88   0x00000020   Code   RO         4855    i.pvTaskIncrementMutexHeldCount  tasks.o
    0x08005ba8   0x0000002c   Code   RO         5338    i.pxPortInitialiseStack  port.o
    0x08005bd4   0x00000028   Code   RO         4568    i.uxListRemove      list.o
    0x08005bfc   0x0000001c   Code   RO         4860    i.uxTaskResetEventItemValue  tasks.o
    0x08005c18   0x0000001a   Code   RO         4569    i.vListInitialise   list.o
    0x08005c32   0x00000006   Code   RO         4570    i.vListInitialiseItem  list.o
    0x08005c38   0x00000034   Code   RO         4571    i.vListInsert       list.o
    0x08005c6c   0x00000018   Code   RO         4572    i.vListInsertEnd    list.o
    0x08005c84   0x00000060   Code   RO         5340    i.vPortEnterCritical  port.o
    0x08005ce4   0x00000048   Code   RO         5341    i.vPortExitCritical  port.o
    0x08005d2c   0x000000d0   Code   RO         4384    i.vPortFree         heap_4.o
    0x08005dfc   0x00000020   Code   RO         5342    i.vPortSetupTimerInterrupt  port.o
    0x08005e1c   0x00000078   Code   RO         5343    i.vPortValidateInterruptPriority  port.o
    0x08005e94   0x0000002c   Code   RO         4628    i.vQueueAddToRegistry  queue.o
    0x08005ec0   0x0000004a   Code   RO         4631    i.vQueueWaitForMessageRestricted  queue.o
    0x08005f0a   0x00000002   PAD
    0x08005f0c   0x0000008c   Code   RO         4861    i.vTaskDelay        tasks.o
    0x08005f98   0x00000124   Code   RO         4863    i.vTaskDelete       tasks.o
    0x080060bc   0x0000000c   Code   RO         4865    i.vTaskMissedYield  tasks.o
    0x080060c8   0x0000006c   Code   RO         4867    i.vTaskPlaceOnEventList  tasks.o
    0x08006134   0x00000074   Code   RO         4868    i.vTaskPlaceOnEventListRestricted  tasks.o
    0x080061a8   0x00000094   Code   RO         4869    i.vTaskPlaceOnUnorderedEventList  tasks.o
    0x0800623c   0x000000b0   Code   RO         4870    i.vTaskPriorityInherit  tasks.o
    0x080062ec   0x00000064   Code   RO         4874    i.vTaskSetTimeOutState  tasks.o
    0x08006350   0x000000c4   Code   RO         4875    i.vTaskStartScheduler  tasks.o
    0x08006414   0x00000010   Code   RO         4877    i.vTaskSuspendAll   tasks.o
    0x08006424   0x000000c0   Code   RO         4878    i.vTaskSwitchContext  tasks.o
    0x080064e4   0x0000001a   Code   RO         4481    i.xEventGroupCreate  event_groups.o
    0x080064fe   0x00000002   PAD
    0x08006500   0x00000100   Code   RO         4483    i.xEventGroupSetBits  event_groups.o
    0x08006600   0x00000170   Code   RO         4485    i.xEventGroupWaitBits  event_groups.o
    0x08006770   0x00000134   Code   RO         5344    i.xPortStartScheduler  port.o
    0x080068a4   0x00000034   Code   RO         5345    i.xPortSysTickHandler  port.o
    0x080068d8   0x0000008c   Code   RO         4636    i.xQueueGenericCreate  queue.o
    0x08006964   0x000001e0   Code   RO         4637    i.xQueueGenericReceive  queue.o
    0x08006b44   0x000000c8   Code   RO         4638    i.xQueueGenericReset  queue.o
    0x08006c0c   0x000001dc   Code   RO         4639    i.xQueueGenericSend  queue.o
    0x08006de8   0x00000128   Code   RO         4640    i.xQueueGenericSendFromISR  queue.o
    0x08006f10   0x000000b8   Code   RO         4879    i.xTaskCheckForTimeOut  tasks.o
    0x08006fc8   0x00000060   Code   RO         4880    i.xTaskCreate       tasks.o
    0x08007028   0x00000020   Code   RO         4885    i.xTaskGetSchedulerState  tasks.o
    0x08007048   0x0000000c   Code   RO         4886    i.xTaskGetTickCount  tasks.o
    0x08007054   0x0000017c   Code   RO         4888    i.xTaskIncrementTick  tasks.o
    0x080071d0   0x000000f0   Code   RO         4891    i.xTaskPriorityDisinherit  tasks.o
    0x080072c0   0x000000cc   Code   RO         4892    i.xTaskRemoveFromEventList  tasks.o
    0x0800738c   0x000000d8   Code   RO         4893    i.xTaskRemoveFromUnorderedEventList  tasks.o
    0x08007464   0x00000138   Code   RO         4894    i.xTaskResumeAll    tasks.o
    0x0800759c   0x0000008c   Code   RO         5207    i.xTimerCreateTimerTask  timers.o
    0x08007628   0x000000bc   Code   RO         5208    i.xTimerGenericCommand  timers.o
    0x080076e4   0x0000002c   Code   RO         6177    locale$$code        c_w.l(lc_numeric_c.o)
    0x08007710   0x00000062   Code   RO         6001    x$fpl$d2f           fz_wm.l(d2f.o)
    0x08007772   0x00000002   PAD
    0x08007774   0x00000150   Code   RO         6003    x$fpl$dadd          fz_wm.l(daddsub_clz.o)
    0x080078c4   0x00000026   Code   RO         6009    x$fpl$dfltu         fz_wm.l(dflt_clz.o)
    0x080078ea   0x00000002   PAD
    0x080078ec   0x00000154   Code   RO         6015    x$fpl$dmul          fz_wm.l(dmul.o)
    0x08007a40   0x0000009c   Code   RO         6097    x$fpl$dnaninf       fz_wm.l(dnaninf.o)
    0x08007adc   0x0000000c   Code   RO         6099    x$fpl$dretinf       fz_wm.l(dretinf.o)
    0x08007ae8   0x000001d4   Code   RO         6005    x$fpl$dsub          fz_wm.l(daddsub_clz.o)
    0x08007cbc   0x00000056   Code   RO         6017    x$fpl$f2d           fz_wm.l(f2d.o)
    0x08007d12   0x0000008c   Code   RO         6101    x$fpl$fnaninf       fz_wm.l(fnaninf.o)
    0x08007d9e   0x0000000a   Code   RO         6262    x$fpl$fpinit        fz_wm.l(fpinit.o)
    0x08007da8   0x0000000a   Code   RO         6103    x$fpl$fretinf       fz_wm.l(fretinf.o)
    0x08007db2   0x00000004   Code   RO         6019    x$fpl$printf1       fz_wm.l(printf1.o)
    0x08007db6   0x00000000   Code   RO         6111    x$fpl$usenofp       fz_wm.l(usenofp.o)
    0x08007db6   0x00000008   Data   RO         1202    .constdata          stm32f4xx_hal_dma.o
    0x08007dbe   0x00000018   Data   RO         4346    .constdata          system_stm32f4xx.o
    0x08007dd6   0x00000011   Data   RO         5984    .constdata          c_w.l(__printf_flags_ss_wp.o)
    0x08007de7   0x00000001   PAD
    0x08007de8   0x00000094   Data   RO         6146    .constdata          c_w.l(bigflt0.o)
    0x08007e7c   0x00000042   Data   RO         5346    .conststring        port.o
    0x08007ebe   0x00000002   PAD
    0x08007ec0   0x00000020   Data   RO         6327    Region$$Table       anon$$obj.o
    0x08007ee0   0x0000001c   Data   RO         6176    locale$$data        c_w.l(lc_numeric_c.o)


    Execution Region RW_IRAM1 (Base: 0x20000000, Size: 0x00008d48, Max: 0x00010000, ABSOLUTE)

    Base Addr    Size         Type   Attr      Idx    E Section Name        Object

    0x20000000   0x00000004   Data   RW           35    .data               stm32f4xx_hal.o
    0x20000004   0x00000056   Data   RW         3026    .data               main.o
    0x2000005a   0x00000002   PAD
    0x2000005c   0x00000004   Data   RW         3467    .data               drivedelay.o
    0x20000060   0x00000009   Data   RW         3607    .data               drivers485.o
    0x20000069   0x00000007   PAD
    0x20000070   0x00000008   Data   RW         3734    .data               drivetim.o
    0x20000078   0x00000009   Data   RW         3804    .data               driveusart.o
    0x20000081   0x00000003   PAD
    0x20000084   0x00000008   Data   RW         4273    .data               timeoutdetection.o
    0x2000008c   0x00000004   Data   RW         4347    .data               system_stm32f4xx.o
    0x20000090   0x00000018   Data   RW         4389    .data               heap_4.o
    0x200000a8   0x0000003c   Data   RW         4897    .data               tasks.o
    0x200000e4   0x00000014   Data   RW         5216    .data               timers.o
    0x200000f8   0x0000000c   Data   RW         5347    .data               port.o
    0x20000104   0x00000008   Data   RW         5433    .data               diskio.o
    0x2000010c   0x00000054   Zero   RW         3507    .bss                drivei2c.o
    0x20000160   0x00000080   Zero   RW         3606    .bss                drivers485.o
    0x200001e0   0x00000078   Zero   RW         3733    .bss                drivetim.o
    0x20000258   0x00000140   Zero   RW         3803    .bss                driveusart.o
    0x20000398   0x00008000   Zero   RW         4388    .bss                heap_4.o
    0x20008398   0x00000040   Zero   RW         4651    .bss                queue.o
    0x200083d8   0x000002e4   Zero   RW         4896    .bss                tasks.o
    0x200086bc   0x00000028   Zero   RW         5215    .bss                timers.o
    0x200086e4   0x00000060   Zero   RW         6184    .bss                c_w.l(libspace.o)
    0x20008744   0x00000004   PAD
    0x20008748   0x00000200   Zero   RW            2    HEAP                startup_stm32f401xc.o
    0x20008948   0x00000400   Zero   RW            1    STACK               startup_stm32f401xc.o


==============================================================================

Image component sizes


      Code (inc. data)   RO Data    RW Data    ZI Data      Debug   Object Name

       694        126          0          0          0       4259   adxl345.o
         0          0          0          8          0       3304   diskio.o
       154          8          0          4          0       2337   drivedelay.o
       304         70          0          0         84       2180   drivei2c.o
       308         18          0          0          0       1247   driveio.o
       250         40          0          9        128       5705   drivers485.o
       312         80          0          8        120       4172   drivetim.o
       696        146          0          9        320       8170   driveusart.o
       670         74          0          0          0       5242   ds18b20.o
       680        144          0          0          0      14047   event_groups.o
        12          0          0          0          0        682   ffsystem.o
       800        224          0         24      32768       6099   heap_4.o
       148          0          0          0          0       3894   list.o
       464        174          0         86          0      20282   main.o
       982        196         66         12          0      12153   port.o
      2304        382          0          0         64      15069   queue.o
        64         26        404          0       1536       1020   startup_stm32f401xc.o
       128         20          0          4          0     415331   stm32f4xx_hal.o
       338         22          0          0          0      32061   stm32f4xx_hal_cortex.o
      1074         16          8          0          0       4955   stm32f4xx_hal_dma.o
       480         32          0          0          0       2492   stm32f4xx_hal_gpio.o
      2700         40          0          0          0      12949   stm32f4xx_hal_i2c.o
        86          0          0          0          0        578   stm32f4xx_hal_msp.o
      1676         74          0          0          0       5928   stm32f4xx_hal_rcc.o
       670         28          0          0          0       6361   stm32f4xx_hal_tim.o
        46          0          0          0          0       2518   stm32f4xx_hal_tim_ex.o
      1662         14          0          0          0       7347   stm32f4xx_hal_uart.o
        40          0          0          0          0       3707   stm32f4xx_it.o
       100         18         24          4          0       1359   system_stm32f4xx.o
       280         58          0          0          0       1934   systemconfig.o
       460         64          0          0          0       2032   task_getattiandaccmsg.o
        28          4          0          0          0       1045   task_getgpsmsg.o
       132         18          0          0          0       1178   task_gettempmsg.o
       228        118          0          0          0       1135   task_monitor.o
       100         16          0          0          0       2814   task_msgmanager.o
      4118       1346          0         60        740      35252   tasks.o
        20          4          0          8          0       1479   timeoutdetection.o
      1430        432          0         20         40      10207   timers.o

    ----------------------------------------------------------------------
     24668       4032        536        268      35800     662524   Object Totals
         0          0         32          0          0          0   (incl. Generated)
        30          0          2         12          0          0   (incl. Padding)

    ----------------------------------------------------------------------

      Code (inc. data)   RO Data    RW Data    ZI Data      Debug   Library Member Name

        24          4          0          0          0         84   __2printf.o
         8          0          0          0          0         68   __main.o
       392          4         17          0          0         92   __printf_flags_ss_wp.o
        14          0          0          0          0         68   __printf_wp.o
         0          0          0          0          0          0   __rtentry.o
        12          0          0          0          0          0   __rtentry2.o
         6          0          0          0          0          0   __rtentry4.o
        52          8          0          0          0          0   __scatter.o
        26          0          0          0          0          0   __scatter_copy.o
        28          0          0          0          0          0   __scatter_zi.o
        44          0          0          0          0        108   _printf_char.o
        48          6          0          0          0         96   _printf_char_common.o
        36          4          0          0          0         80   _printf_char_file.o
         6          0          0          0          0          0   _printf_d.o
       120         16          0          0          0         92   _printf_dec.o
         6          0          0          0          0          0   _printf_f.o
      1050          0          0          0          0        216   _printf_fp_dec.o
       128         16          0          0          0         84   _printf_fp_infnan.o
       178          0          0          0          0         88   _printf_intcommon.o
         0          0          0          0          0          0   _printf_percent.o
         4          0          0          0          0          0   _printf_percent_end.o
         6          0          0          0          0          0   _printf_s.o
        82          0          0          0          0         80   _printf_str.o
       220          4        148          0          0         96   bigflt0.o
      1910        128          0          0          0        672   btod.o
        18          0          0          0          0         80   exit.o
         8          0          0          0          0         68   ferror.o
         6          0          0          0          0        152   heapauxi.o
        44         10         28          0          0         76   lc_numeric_c.o
         2          0          0          0          0          0   libinit.o
        22          0          0          0          0          0   libinit2.o
         2          0          0          0          0          0   libshutdown.o
         2          0          0          0          0          0   libshutdown2.o
         8          4          0          0         96         68   libspace.o
       138          0          0          0          0         80   lludiv10.o
       238          0          0          0          0        100   lludivv7m.o
         8          4          0          0          0         68   rt_locale_intlibspace.o
       138          0          0          0          0         68   rt_memcpy_v6.o
       100          0          0          0          0         80   rt_memcpy_w.o
         2          0          0          0          0          0   rtexit.o
        10          0          0          0          0          0   rtexit2.o
       128          0          0          0          0         68   strcmpv7m.o
        74          0          0          0          0         80   sys_stackheap_outer.o
         2          0          0          0          0         68   use_no_semi.o
         2          0          0          0          0         68   use_no_semi_2.o
        98          4          0          0          0        140   d2f.o
       804         16          0          0          0        368   daddsub_clz.o
        38          0          0          0          0        116   dflt_clz.o
       340         12          0          0          0        152   dmul.o
       156          4          0          0          0        140   dnaninf.o
        12          0          0          0          0        116   dretinf.o
        86          4          0          0          0        132   f2d.o
       140          4          0          0          0        132   fnaninf.o
        10          0          0          0          0        116   fpinit.o
        10          0          0          0          0        116   fretinf.o
         4          0          0          0          0        116   printf1.o
         0          0          0          0          0          0   usenofp.o
        48          0          0          0          0        124   fpclassify.o

    ----------------------------------------------------------------------
      7110        252        194          0        100       4816   Library Totals
        12          0          1          0          4          0   (incl. Padding)

    ----------------------------------------------------------------------

      Code (inc. data)   RO Data    RW Data    ZI Data      Debug   Library Name

      5352        208        193          0         96       3048   c_w.l
      1698         44          0          0          0       1644   fz_wm.l
        48          0          0          0          0        124   m_wm.l

    ----------------------------------------------------------------------
      7110        252        194          0        100       4816   Library Totals

    ----------------------------------------------------------------------

==============================================================================


      Code (inc. data)   RO Data    RW Data    ZI Data      Debug   

     31778       4284        730        268      35900     645776   Grand Totals
     31778       4284        730        268      35900     645776   ELF Image Totals
     31778       4284        730        268          0          0   ROM Totals

==============================================================================

    Total RO  Size (Code + RO Data)                32508 (  31.75kB)
    Total RW  Size (RW Data + ZI Data)             36168 (  35.32kB)
    Total ROM Size (Code + RO Data + RW Data)      32776 (  32.01kB)

==============================================================================

